label progress 1/400 (game_id=1/400) labels=37 kind=self
label progress 2/400 (game_id=6/400) labels=83 kind=pool
label progress 3/400 (game_id=3/400) labels=141 kind=self
label progress 4/400 (game_id=2/400) labels=106 kind=pool
label progress 5/400 (game_id=10/400) labels=72 kind=pool
label progress 6/400 (game_id=11/400) labels=64 kind=self
label progress 7/400 (game_id=8/400) labels=95 kind=pool
label progress 8/400 (game_id=9/400) labels=305 kind=self
label progress 9/400 (game_id=15/400) labels=136 kind=self
label progress 10/400 (game_id=4/400) labels=218 kind=pool
label progress 11/400 (game_id=14/400) labels=93 kind=pool
label progress 12/400 (game_id=5/400) labels=316 kind=self
label progress 13/400 (game_id=7/400) labels=353 kind=self
label progress 14/400 (game_id=19/400) labels=34 kind=self
label progress 15/400 (game_id=13/400) labels=337 kind=self
label progress 16/400 (game_id=22/400) labels=46 kind=pool
label progress 17/400 (game_id=20/400) labels=87 kind=pool
label progress 18/400 (game_id=17/400) labels=286 kind=self
label progress 19/400 (game_id=24/400) labels=50 kind=pool
label progress 20/400 (game_id=26/400) labels=66 kind=pool
label progress 21/400 (game_id=21/400) labels=295 kind=self
label progress 22/400 (game_id=25/400) labels=157 kind=self
label progress 23/400 (game_id=29/400) labels=153 kind=self
label progress 24/400 (game_id=23/400) labels=316 kind=self
label progress 25/400 (game_id=28/400) labels=128 kind=pool
checkpoint wrote 3974 labels from 25 games -> oracle_labels/labels_seed22000_22399.ckpt/part_seed22000_22028_n25.npz
label progress 26/400 (game_id=27/400) labels=305 kind=self
label progress 27/400 (game_id=30/400) labels=107 kind=pool
label progress 28/400 (game_id=12/400) labels=307 kind=pool
label progress 29/400 (game_id=18/400) labels=288 kind=pool
label progress 30/400 (game_id=34/400) labels=115 kind=pool
label progress 31/400 (game_id=37/400) labels=24 kind=self
label progress 32/400 (game_id=16/400) labels=321 kind=pool
label progress 33/400 (game_id=31/400) labels=380 kind=self
label progress 34/400 (game_id=32/400) labels=102 kind=pool
label progress 35/400 (game_id=36/400) labels=273 kind=pool
label progress 36/400 (game_id=33/400) labels=354 kind=self
label progress 37/400 (game_id=35/400) labels=304 kind=self
label progress 38/400 (game_id=38/400) labels=101 kind=pool
label progress 39/400 (game_id=43/400) labels=93 kind=self
label progress 40/400 (game_id=40/400) labels=104 kind=pool
label progress 41/400 (game_id=48/400) labels=76 kind=pool
label progress 42/400 (game_id=46/400) labels=52 kind=pool
label progress 43/400 (game_id=47/400) labels=125 kind=self
label progress 44/400 (game_id=39/400) labels=330 kind=self
label progress 45/400 (game_id=45/400) labels=299 kind=self
label progress 46/400 (game_id=50/400) labels=72 kind=pool
label progress 47/400 (game_id=51/400) labels=107 kind=self
label progress 48/400 (game_id=52/400) labels=50 kind=pool
label progress 49/400 (game_id=41/400) labels=334 kind=self
label progress 50/400 (game_id=57/400) labels=57 kind=self
checkpoint wrote 4680 labels from 25 games -> oracle_labels/labels_seed22000_22399.ckpt/part_seed22011_22056_n25.npz
label progress 51/400 (game_id=54/400) labels=118 kind=pool
label progress 52/400 (game_id=55/400) labels=120 kind=self
label progress 53/400 (game_id=49/400) labels=292 kind=self
label progress 54/400 (game_id=59/400) labels=47 kind=self
label progress 55/400 (game_id=56/400) labels=93 kind=pool
label progress 56/400 (game_id=44/400) labels=149 kind=pool
label progress 57/400 (game_id=53/400) labels=285 kind=self
label progress 58/400 (game_id=62/400) labels=21 kind=pool
label progress 59/400 (game_id=61/400) labels=111 kind=self
label progress 60/400 (game_id=63/400) labels=141 kind=self
label progress 61/400 (game_id=66/400) labels=80 kind=pool
label progress 62/400 (game_id=64/400) labels=45 kind=pool
label progress 63/400 (game_id=70/400) labels=48 kind=pool
label progress 64/400 (game_id=71/400) labels=128 kind=self
label progress 65/400 (game_id=67/400) labels=362 kind=self
label progress 66/400 (game_id=69/400) labels=353 kind=self
label progress 67/400 (game_id=65/400) labels=369 kind=self
label progress 68/400 (game_id=68/400) labels=205 kind=pool
label progress 69/400 (game_id=42/400) labels=323 kind=pool
label progress 70/400 (game_id=76/400) labels=61 kind=pool
label progress 71/400 (game_id=73/400) labels=324 kind=self
label progress 72/400 (game_id=77/400) labels=118 kind=self
label progress 73/400 (game_id=74/400) labels=104 kind=pool
label progress 74/400 (game_id=78/400) labels=92 kind=pool
label progress 75/400 (game_id=58/400) labels=291 kind=pool
checkpoint wrote 4280 labels from 25 games -> oracle_labels/labels_seed22000_22399.ckpt/part_seed22041_22077_n25.npz
label progress 76/400 (game_id=80/400) labels=46 kind=pool
label progress 77/400 (game_id=60/400) labels=282 kind=pool
label progress 78/400 (game_id=82/400) labels=71 kind=pool
label progress 79/400 (game_id=85/400) labels=50 kind=self
label progress 80/400 (game_id=75/400) labels=338 kind=self
label progress 81/400 (game_id=79/400) labels=343 kind=self
label progress 82/400 (game_id=86/400) labels=109 kind=pool
label progress 83/400 (game_id=84/400) labels=111 kind=pool
label progress 84/400 (game_id=81/400) labels=347 kind=self
label progress 85/400 (game_id=83/400) labels=325 kind=self
label progress 86/400 (game_id=88/400) labels=112 kind=pool
label progress 87/400 (game_id=87/400) labels=321 kind=self
label progress 88/400 (game_id=92/400) labels=59 kind=pool
label progress 89/400 (game_id=95/400) labels=55 kind=self
label progress 90/400 (game_id=93/400) labels=115 kind=self
label progress 91/400 (game_id=97/400) labels=64 kind=self
label progress 92/400 (game_id=96/400) labels=81 kind=pool
label progress 93/400 (game_id=94/400) labels=51 kind=pool
label progress 94/400 (game_id=99/400) labels=67 kind=self
label progress 95/400 (game_id=91/400) labels=316 kind=self
label progress 96/400 (game_id=89/400) labels=329 kind=self
label progress 97/400 (game_id=104/400) labels=104 kind=pool
label progress 98/400 (game_id=100/400) labels=97 kind=pool
label progress 99/400 (game_id=105/400) labels=59 kind=self
label progress 100/400 (game_id=103/400) labels=299 kind=self
checkpoint wrote 4151 labels from 25 games -> oracle_labels/labels_seed22000_22399.ckpt/part_seed22059_22104_n25.npz
label progress 101/400 (game_id=106/400) labels=75 kind=pool
label progress 102/400 (game_id=101/400) labels=348 kind=self
label progress 103/400 (game_id=102/400) labels=285 kind=pool
label progress 104/400 (game_id=109/400) labels=56 kind=self
label progress 105/400 (game_id=108/400) labels=96 kind=pool
label progress 106/400 (game_id=107/400) labels=316 kind=self
label progress 107/400 (game_id=72/400) labels=325 kind=pool
label progress 108/400 (game_id=110/400) labels=83 kind=pool
/Users/toprakgundogdu/.local/share/uv/python/cpython-3.12.12-macos-aarch64-none/lib/python3.12/multiprocessing/resource_tracker.py:279: UserWarning: resource_tracker: There appear to be 6 leaked semaphore objects to clean up at shutdown
  warnings.warn('resource_tracker: There appear to be %d '
