probe start ours=toprakthegoat-v1 fields=3 games=90 workers=4
probe 1/90 sui#2 W first=toprakthegoat-v1/brown rounds=33
probe 2/90 sui#0 W first=toprakthegoat-v1/orange rounds=46
probe 3/90 sui#4 W first=toprakthegoat-v1/lightblue rounds=30
probe 4/90 sui#1 L first=underdog-v1/yellow rounds=48
probe 5/90 sui#5 L first=underdog-v1/red rounds=35
probe 6/90 sui#8 L first=underdog-v1/lightblue rounds=37
probe 7/90 sui#3 W first=toprakthegoat-v1/brown rounds=80
probe 8/90 sui#6 L first=underdog-v1/brown rounds=84
probe 9/90 sui#7 L first=slayer-v1/red rounds=31
probe 10/90 sui#11 L first=slayer-v1/orange rounds=64
probe 11/90 sui#10 L first=slayer-v1/darkblue rounds=51
probe 12/90 sui#14 L first=slayer-v1/red rounds=43
probe 13/90 sui#15 W first=toprakthegoat-v1/brown rounds=30
probe 14/90 sui#16 L first=slayer-v1/orange rounds=31
probe 15/90 sui#12 L first=inncenta-heuristic/brown rounds=70
probe 16/90 sui#17 W first=toprakthegoat-v1/pink rounds=38
probe 17/90 sui#9 L first=-/- rounds=200
probe 18/90 sui#18 W first=toprakthegoat-v1/pink rounds=48
probe 19/90 sui#19 W first=toprakthegoat-v1/orange rounds=28
probe 20/90 sui#21 W first=toprakthegoat-v1/pink rounds=64
probe 21/90 sui#23 L first=underdog-v1/pink rounds=45
probe 22/90 sui#20 L first=inncenta-heuristic/darkblue rounds=47
probe 23/90 sui#25 L first=underdog-v1/green rounds=103
probe 24/90 sui#13 L first=-/- rounds=200
probe 25/90 sui#26 L first=slayer-v1/lightblue rounds=48
probe 26/90 sui#28 W first=underdog-v1/red rounds=90
probe 27/90 sui#27 L first=toprakthegoat-v1/lightblue rounds=106
probe 28/90 sua#0 W first=toprakthegoat-v1/lightblue rounds=182
probe 29/90 sua#1 W first=toprakthegoat-v1/lightblue rounds=29
probe 30/90 sua#2 L first=toprakthegoat-v1/lightblue rounds=34
probe 31/90 sua#3 L first=toprakthegoat-v1/brown rounds=200
probe 32/90 sua#4 L first=-/- rounds=200
probe 33/90 sua#5 W first=slayer-v1/pink rounds=31
probe 34/90 sua#6 L first=slayer-v1/orange rounds=43
probe 35/90 sua#7 L first=slayer-v1/lightblue rounds=118
probe 36/90 sua#8 W first=toprakthegoat-v1/lightblue rounds=67
probe 37/90 sua#9 L first=alinebidal-final/pink rounds=34
probe 38/90 sui#29 L first=inncenta-heuristic/orange rounds=42
probe 39/90 sua#11 L first=toprakthegoat-v1/brown rounds=68
probe 40/90 sua#12 L first=underdog-v1/darkblue rounds=52
probe 41/90 sua#10 W first=toprakthegoat-v1/brown rounds=200
probe 42/90 sua#14 L first=underdog-v1/brown rounds=127
probe 43/90 sua#13 L first=-/- rounds=200
probe 44/90 sua#16 L first=underdog-v1/darkblue rounds=36
probe 45/90 sua#17 L first=alinebidal-final/red rounds=84
probe 46/90 sua#18 L first=slayer-v1/lightblue rounds=46
probe 47/90 sua#19 W first=slayer-v1/orange rounds=48
probe 48/90 sua#15 W first=-/- rounds=200
probe 49/90 sua#20 L first=underdog-v1/orange rounds=91
probe 50/90 sua#21 W first=toprakthegoat-v1/darkblue rounds=47
probe 51/90 sua#22 L first=slayer-v1/pink rounds=36
probe 52/90 sua#24 L first=toprakthegoat-v1/brown rounds=51
probe 53/90 sua#25 W first=toprakthegoat-v1/darkblue rounds=43
probe 54/90 sua#26 L first=underdog-v1/brown rounds=68
probe 55/90 sui#24 L first=-/- rounds=200
probe 56/90 sua#27 L first=toprakthegoat-v1/lightblue rounds=163
probe 57/90 sua#23 L first=-/- rounds=200
probe 58/90 sua#29 W first=underdog-v1/brown rounds=64
probe 59/90 sua#28 W first=-/- rounds=200
probe 60/90 sia#0 L first=inncenta-heuristic/brown rounds=49
probe 61/90 sia#3 L first=slayer-v1/orange rounds=52
probe 62/90 sia#1 L first=slayer-v1/brown rounds=56
probe 63/90 sia#5 W first=alinebidal-final/green rounds=25
probe 64/90 sia#4 L first=alinebidal-final/brown rounds=52
probe 65/90 sia#6 W first=toprakthegoat-v1/lightblue rounds=101
probe 66/90 sia#7 W first=toprakthegoat-v1/brown rounds=52
probe 67/90 sia#8 W first=toprakthegoat-v1/orange rounds=35
probe 68/90 sui#22 L first=-/- rounds=200
probe 69/90 sia#10 L first=inncenta-heuristic/green rounds=57
probe 70/90 sia#9 L first=toprakthegoat-v1/brown rounds=54
probe 71/90 sia#13 W first=toprakthegoat-v1/brown rounds=48
probe 72/90 sia#14 W first=alinebidal-final/red rounds=31
probe 73/90 sia#15 L first=toprakthegoat-v1/brown rounds=39
probe 74/90 sia#11 L first=alinebidal-final/brown rounds=200
probe 75/90 sia#16 L first=slayer-v1/yellow rounds=57
probe 76/90 sia#17 W first=toprakthegoat-v1/pink rounds=40
probe 77/90 sia#2 W first=toprakthegoat-v1/brown rounds=200
probe 78/90 sia#18 W first=toprakthegoat-v1/brown rounds=47
probe 79/90 sia#12 W first=-/- rounds=200
probe 80/90 sia#20 L first=toprakthegoat-v1/brown rounds=177
probe 81/90 sia#21 L first=alinebidal-final/red rounds=78
probe 82/90 sia#19 W first=toprakthegoat-v1/brown rounds=53
probe 83/90 sia#25 W first=toprakthegoat-v1/brown rounds=41
probe 84/90 sia#24 L first=inncenta-heuristic/brown rounds=52
probe 85/90 sia#26 W first=toprakthegoat-v1/lightblue rounds=34
probe 86/90 sia#22 W first=-/- rounds=200
probe 87/90 sia#28 L first=slayer-v1/lightblue rounds=49
probe 88/90 sia#29 L first=inncenta-heuristic/darkblue rounds=46
probe 89/90 sia#27 L first=-/- rounds=200
probe 90/90 sia#23 L first=-/- rounds=200
FIRST-MONOPOLY PROBE

== sia  n=30  our WR  46.7% (14/30)  bust  43.3% (13/30)
  LOSS n=16  first-set-us  18.8% (3/16)  first-3h-us  37.5% (6/16)  no-set  12.5% (2/16)
    first-set owner: inncenta-heuristic=4, slayer-v1=4, alinebidal-final=3, toprakthegoat-v1=3
    their first-set colour: brown=5, orange=1, green=1, yellow=1, red=1, lightblue=1
    our pieces of that colour: 0 deeds=11
  WIN n=14  first-set-us  71.4% (10/14)  first-3h-us  85.7% (12/14)  no-set  14.3% (2/14)
    first-set owner: toprakthegoat-v1=10, alinebidal-final=2
    their first-set colour: green=1, red=1
    our pieces of that colour: 0 deeds=2

== sua  n=30  our WR  36.7% (11/30)  bust  50.0% (15/30)
  LOSS n=19  first-set-us  26.3% (5/19)  first-3h-us  26.3% (5/19)  no-set  15.8% (3/19)
    first-set owner: toprakthegoat-v1=5, underdog-v1=5, slayer-v1=4, alinebidal-final=2
    their first-set colour: orange=2, lightblue=2, pink=2, darkblue=2, brown=2, red=1
    our pieces of that colour: 0 deeds=11
  WIN n=11  first-set-us  54.5% (6/11)  first-3h-us  54.5% (6/11)  no-set  18.2% (2/11)
    first-set owner: toprakthegoat-v1=6, slayer-v1=2, underdog-v1=1
    their first-set colour: pink=1, orange=1, brown=1
    our pieces of that colour: 0 deeds=3

== sui  n=30  our WR  33.3% (10/30)  bust  53.3% (16/30)
  LOSS n=20  first-set-us   5.0% (1/20)  first-3h-us  10.0% (2/20)  no-set  20.0% (4/20)
    first-set owner: underdog-v1=6, slayer-v1=6, inncenta-heuristic=3, toprakthegoat-v1=1
    their first-set colour: red=3, orange=3, lightblue=2, brown=2, darkblue=2, yellow=1
    our pieces of that colour: 0 deeds=15
  WIN n=10  first-set-us  90.0% (9/10)  first-3h-us 100.0% (10/10)  no-set   0.0% (0/10)
    first-set owner: toprakthegoat-v1=9, underdog-v1=1
    their first-set colour: red=1
    our pieces of that colour: 0 deeds=1

== SHARED (all losses with a first set)
  they completed first:  80.4% (37/46)
  we completed first and still lost:  19.6% (9/46)
  they hit 3-houses first (on a loss):  71.7% (33/46)
  colour they completed: brown=9, orange=6, red=5, lightblue=5, darkblue=5, pink=3, green=2, yellow=2
  our pieces of their set: 0 deeds=37
  never contested (0 deeds): 100.0% (37/37)  in the colour and lost the race:   0.0% (0/37)

wrote /Users/toprakgundogdu/DeepRL_Monopoly/artifacts_scratch/goat_remeasure/s991/games.jsonl /Users/toprakgundogdu/DeepRL_Monopoly/artifacts_scratch/goat_remeasure/s991/report.txt
