resume: skipping 0 completed seeds from artifacts_scratch/colab_shards/labels_seed19400_19499.ckpt
label progress 1/100 (game_id=3/100) labels=5 kind=self
label progress 2/100 (game_id=5/100) labels=7 kind=self
label progress 3/100 (game_id=7/100) labels=8 kind=self
label progress 4/100 (game_id=9/100) labels=6 kind=self
label progress 5/100 (game_id=1/100) labels=25 kind=self
label progress 6/100 (game_id=11/100) labels=4 kind=self
label progress 7/100 (game_id=6/100) labels=13 kind=pool
label progress 8/100 (game_id=13/100) labels=9 kind=self
label progress 9/100 (game_id=14/100) labels=25 kind=pool
label progress 10/100 (game_id=15/100) labels=8 kind=self
label progress 11/100 (game_id=2/100) labels=20 kind=pool
label progress 12/100 (game_id=4/100) labels=21 kind=pool
label progress 13/100 (game_id=17/100) labels=8 kind=self
label progress 14/100 (game_id=19/100) labels=7 kind=self
label progress 15/100 (game_id=16/100) labels=17 kind=pool
label progress 16/100 (game_id=20/100) labels=14 kind=pool
label progress 17/100 (game_id=21/100) labels=27 kind=self
label progress 18/100 (game_id=23/100) labels=3 kind=self
label progress 19/100 (game_id=18/100) labels=44 kind=pool
label progress 20/100 (game_id=22/100) labels=13 kind=pool
label progress 21/100 (game_id=25/100) labels=68 kind=self
label progress 22/100 (game_id=27/100) labels=200 kind=self
label progress 23/100 (game_id=24/100) labels=11 kind=pool
label progress 24/100 (game_id=29/100) labels=4 kind=self
label progress 25/100 (game_id=10/100) labels=9 kind=pool
checkpoint wrote 576 labels from 25 games -> artifacts_scratch/colab_shards/labels_seed19400_19499.ckpt/part_seed19400_19428_n25.npz
label progress 26/100 (game_id=31/100) labels=6 kind=self
label progress 27/100 (game_id=30/100) labels=16 kind=pool
label progress 28/100 (game_id=33/100) labels=6 kind=self
label progress 29/100 (game_id=12/100) labels=17 kind=pool
label progress 30/100 (game_id=35/100) labels=7 kind=self
label progress 31/100 (game_id=32/100) labels=13 kind=pool
label progress 32/100 (game_id=37/100) labels=8 kind=self
label progress 33/100 (game_id=8/100) labels=19 kind=pool
label progress 34/100 (game_id=39/100) labels=8 kind=self
label progress 35/100 (game_id=40/100) labels=26 kind=pool
label progress 36/100 (game_id=41/100) labels=8 kind=self
label progress 37/100 (game_id=36/100) labels=26 kind=pool
label progress 38/100 (game_id=43/100) labels=5 kind=self
label progress 39/100 (game_id=26/100) labels=18 kind=pool
label progress 40/100 (game_id=45/100) labels=3 kind=self
label progress 41/100 (game_id=28/100) labels=15 kind=pool
label progress 42/100 (game_id=47/100) labels=11 kind=self
label progress 43/100 (game_id=42/100) labels=24 kind=pool
label progress 44/100 (game_id=49/100) labels=7 kind=self
label progress 45/100 (game_id=46/100) labels=12 kind=pool
label progress 46/100 (game_id=51/100) labels=14 kind=self
label progress 47/100 (game_id=52/100) labels=23 kind=pool
label progress 48/100 (game_id=53/100) labels=7 kind=self
label progress 49/100 (game_id=48/100) labels=33 kind=pool
label progress 50/100 (game_id=55/100) labels=11 kind=self
checkpoint wrote 343 labels from 25 games -> artifacts_scratch/colab_shards/labels_seed19400_19499.ckpt/part_seed19407_19454_n25.npz
label progress 51/100 (game_id=54/100) labels=19 kind=pool
label progress 52/100 (game_id=57/100) labels=6 kind=self
label progress 53/100 (game_id=56/100) labels=13 kind=pool
label progress 54/100 (game_id=59/100) labels=6 kind=self
label progress 55/100 (game_id=38/100) labels=6 kind=pool
label progress 56/100 (game_id=61/100) labels=11 kind=self
label progress 57/100 (game_id=58/100) labels=45 kind=pool
label progress 58/100 (game_id=63/100) labels=9 kind=self
label progress 59/100 (game_id=64/100) labels=9 kind=pool
label progress 60/100 (game_id=65/100) labels=9 kind=self
label progress 61/100 (game_id=34/100) labels=8 kind=pool
label progress 62/100 (game_id=67/100) labels=44 kind=self
label progress 63/100 (game_id=50/100) labels=7 kind=pool
label progress 64/100 (game_id=69/100) labels=4 kind=self
label progress 65/100 (game_id=70/100) labels=22 kind=pool
label progress 66/100 (game_id=71/100) labels=5 kind=self
label progress 67/100 (game_id=62/100) labels=5 kind=pool
label progress 68/100 (game_id=68/100) labels=12 kind=pool
label progress 69/100 (game_id=73/100) labels=7 kind=self
label progress 70/100 (game_id=75/100) labels=4 kind=self
label progress 71/100 (game_id=74/100) labels=20 kind=pool
label progress 72/100 (game_id=77/100) labels=5 kind=self
label progress 73/100 (game_id=76/100) labels=26 kind=pool
label progress 74/100 (game_id=79/100) labels=8 kind=self
label progress 75/100 (game_id=44/100) labels=11 kind=pool
checkpoint wrote 321 labels from 25 games -> artifacts_scratch/colab_shards/labels_seed19400_19499.ckpt/part_seed19433_19478_n25.npz
label progress 76/100 (game_id=81/100) labels=12 kind=self
label progress 77/100 (game_id=66/100) labels=9 kind=pool
label progress 78/100 (game_id=60/100) labels=197 kind=pool
label progress 79/100 (game_id=83/100) labels=15 kind=self
label progress 80/100 (game_id=78/100) labels=22 kind=pool
label progress 81/100 (game_id=85/100) labels=7 kind=self
label progress 82/100 (game_id=87/100) labels=16 kind=self
label progress 83/100 (game_id=84/100) labels=14 kind=pool
label progress 84/100 (game_id=88/100) labels=35 kind=pool
label progress 85/100 (game_id=89/100) labels=8 kind=self
label progress 86/100 (game_id=91/100) labels=8 kind=self
label progress 87/100 (game_id=80/100) labels=21 kind=pool
label progress 88/100 (game_id=93/100) labels=6 kind=self
label progress 89/100 (game_id=86/100) labels=9 kind=pool
label progress 90/100 (game_id=90/100) labels=21 kind=pool
label progress 91/100 (game_id=95/100) labels=18 kind=self
label progress 92/100 (game_id=97/100) labels=7 kind=self
label progress 93/100 (game_id=82/100) labels=12 kind=pool
label progress 94/100 (game_id=99/100) labels=10 kind=self
label progress 95/100 (game_id=98/100) labels=19 kind=pool
label progress 96/100 (game_id=94/100) labels=23 kind=pool
label progress 97/100 (game_id=92/100) labels=9 kind=pool
label progress 98/100 (game_id=100/100) labels=17 kind=pool
label progress 99/100 (game_id=96/100) labels=15 kind=pool
label progress 100/100 (game_id=72/100) labels=16 kind=pool
checkpoint wrote 546 labels from 25 games -> artifacts_scratch/colab_shards/labels_seed19400_19499.ckpt/part_seed19459_19499_n25.npz
wrote 1786 labels from 100 games -> artifacts_scratch/colab_shards/labels_seed19400_19499.json
throughput: 64.76 games/hour | 17.9 labels/game | 1156.7 labels/hour | wall=5558.6s workers=6
