resume: skipping 0 completed seeds from artifacts_scratch/colab_shards/labels_seed19500_19899.ckpt
label progress 1/400 (game_id=1/400) labels=4 kind=self
label progress 2/400 (game_id=5/400) labels=6 kind=self
label progress 3/400 (game_id=7/400) labels=4 kind=self
label progress 4/400 (game_id=3/400) labels=9 kind=self
label progress 5/400 (game_id=9/400) labels=6 kind=self
label progress 6/400 (game_id=11/400) labels=11 kind=self
label progress 7/400 (game_id=10/400) labels=22 kind=pool
label progress 8/400 (game_id=4/400) labels=18 kind=pool
label progress 9/400 (game_id=13/400) labels=34 kind=self
label progress 10/400 (game_id=15/400) labels=6 kind=self
label progress 11/400 (game_id=14/400) labels=26 kind=pool
label progress 12/400 (game_id=17/400) labels=4 kind=self
label progress 13/400 (game_id=16/400) labels=18 kind=pool
label progress 14/400 (game_id=19/400) labels=14 kind=self
label progress 15/400 (game_id=18/400) labels=16 kind=pool
label progress 16/400 (game_id=21/400) labels=8 kind=self
label progress 17/400 (game_id=12/400) labels=33 kind=pool
label progress 18/400 (game_id=2/400) labels=12 kind=pool
label progress 19/400 (game_id=23/400) labels=13 kind=self
label progress 20/400 (game_id=25/400) labels=9 kind=self
label progress 21/400 (game_id=20/400) labels=20 kind=pool
label progress 22/400 (game_id=27/400) labels=10 kind=self
label progress 23/400 (game_id=26/400) labels=7 kind=pool
label progress 24/400 (game_id=22/400) labels=40 kind=pool
label progress 25/400 (game_id=6/400) labels=27 kind=pool
checkpoint wrote 377 labels from 25 games -> artifacts_scratch/colab_shards/labels_seed19500_19899.ckpt/part_seed19500_19526_n25.npz
label progress 26/400 (game_id=28/400) labels=12 kind=pool
label progress 27/400 (game_id=29/400) labels=36 kind=self
label progress 28/400 (game_id=31/400) labels=26 kind=self
label progress 29/400 (game_id=33/400) labels=16 kind=self
label progress 30/400 (game_id=35/400) labels=5 kind=self
label progress 31/400 (game_id=34/400) labels=6 kind=pool
label progress 32/400 (game_id=37/400) labels=8 kind=self
label progress 33/400 (game_id=30/400) labels=19 kind=pool
label progress 34/400 (game_id=39/400) labels=20 kind=self
label progress 35/400 (game_id=38/400) labels=28 kind=pool
label progress 36/400 (game_id=41/400) labels=11 kind=self
label progress 37/400 (game_id=32/400) labels=14 kind=pool
label progress 38/400 (game_id=43/400) labels=8 kind=self
label progress 39/400 (game_id=42/400) labels=18 kind=pool
label progress 40/400 (game_id=45/400) labels=5 kind=self
label progress 41/400 (game_id=8/400) labels=20 kind=pool
label progress 42/400 (game_id=47/400) labels=9 kind=self
label progress 43/400 (game_id=36/400) labels=13 kind=pool
label progress 44/400 (game_id=49/400) labels=5 kind=self
label progress 45/400 (game_id=46/400) labels=14 kind=pool
label progress 46/400 (game_id=51/400) labels=5 kind=self
label progress 47/400 (game_id=24/400) labels=7 kind=pool
label progress 48/400 (game_id=53/400) labels=6 kind=self
label progress 49/400 (game_id=44/400) labels=12 kind=pool
label progress 50/400 (game_id=55/400) labels=8 kind=self
checkpoint wrote 331 labels from 25 games -> artifacts_scratch/colab_shards/labels_seed19500_19899.ckpt/part_seed19507_19554_n25.npz
label progress 51/400 (game_id=54/400) labels=16 kind=pool
label progress 52/400 (game_id=56/400) labels=20 kind=pool
label progress 53/400 (game_id=57/400) labels=28 kind=self
label progress 54/400 (game_id=59/400) labels=25 kind=self
label progress 55/400 (game_id=58/400) labels=17 kind=pool
label progress 56/400 (game_id=48/400) labels=10 kind=pool
label progress 57/400 (game_id=62/400) labels=16 kind=pool
label progress 58/400 (game_id=63/400) labels=7 kind=self
label progress 59/400 (game_id=40/400) labels=12 kind=pool
label progress 60/400 (game_id=61/400) labels=181 kind=self
label progress 61/400 (game_id=64/400) labels=23 kind=pool
label progress 62/400 (game_id=67/400) labels=9 kind=self
label progress 63/400 (game_id=66/400) labels=15 kind=pool
label progress 64/400 (game_id=52/400) labels=7 kind=pool
label progress 65/400 (game_id=69/400) labels=15 kind=self
label progress 66/400 (game_id=68/400) labels=12 kind=pool
label progress 67/400 (game_id=71/400) labels=18 kind=self
label progress 68/400 (game_id=70/400) labels=25 kind=pool
label progress 69/400 (game_id=73/400) labels=5 kind=self
label progress 70/400 (game_id=60/400) labels=17 kind=pool
label progress 71/400 (game_id=75/400) labels=18 kind=self
label progress 72/400 (game_id=65/400) labels=184 kind=self
label progress 73/400 (game_id=72/400) labels=17 kind=pool
label progress 74/400 (game_id=79/400) labels=5 kind=self
label progress 75/400 (game_id=78/400) labels=17 kind=pool
checkpoint wrote 719 labels from 25 games -> artifacts_scratch/colab_shards/labels_seed19500_19899.ckpt/part_seed19539_19578_n25.npz
label progress 76/400 (game_id=76/400) labels=13 kind=pool
label progress 77/400 (game_id=74/400) labels=26 kind=pool
label progress 78/400 (game_id=83/400) labels=9 kind=self
label progress 79/400 (game_id=80/400) labels=13 kind=pool
label progress 80/400 (game_id=85/400) labels=6 kind=self
label progress 81/400 (game_id=77/400) labels=199 kind=self
label progress 82/400 (game_id=82/400) labels=15 kind=pool
label progress 83/400 (game_id=87/400) labels=3 kind=self
label progress 84/400 (game_id=89/400) labels=5 kind=self
label progress 85/400 (game_id=50/400) labels=9 kind=pool
label progress 86/400 (game_id=91/400) labels=4 kind=self
label progress 87/400 (game_id=88/400) labels=8 kind=pool
label progress 88/400 (game_id=93/400) labels=9 kind=self
label progress 89/400 (game_id=94/400) labels=25 kind=pool
label progress 90/400 (game_id=81/400) labels=199 kind=self
label progress 91/400 (game_id=95/400) labels=7 kind=self
label progress 92/400 (game_id=86/400) labels=29 kind=pool
label progress 93/400 (game_id=97/400) labels=7 kind=self
label progress 94/400 (game_id=99/400) labels=13 kind=self
label progress 95/400 (game_id=92/400) labels=30 kind=pool
label progress 96/400 (game_id=101/400) labels=8 kind=self
label progress 97/400 (game_id=102/400) labels=28 kind=pool
label progress 98/400 (game_id=103/400) labels=5 kind=self
label progress 99/400 (game_id=96/400) labels=15 kind=pool
label progress 100/400 (game_id=98/400) labels=22 kind=pool
checkpoint wrote 707 labels from 25 games -> artifacts_scratch/colab_shards/labels_seed19500_19899.ckpt/part_seed19549_19602_n25.npz
label progress 101/400 (game_id=90/400) labels=5 kind=pool
label progress 102/400 (game_id=105/400) labels=44 kind=self
label progress 103/400 (game_id=107/400) labels=43 kind=self
label progress 104/400 (game_id=109/400) labels=5 kind=self
label progress 105/400 (game_id=104/400) labels=30 kind=pool
label progress 106/400 (game_id=111/400) labels=9 kind=self
label progress 107/400 (game_id=84/400) labels=9 kind=pool
label progress 108/400 (game_id=113/400) labels=5 kind=self
label progress 109/400 (game_id=106/400) labels=27 kind=pool
label progress 110/400 (game_id=115/400) labels=8 kind=self
label progress 111/400 (game_id=114/400) labels=14 kind=pool
label progress 112/400 (game_id=108/400) labels=15 kind=pool
label progress 113/400 (game_id=117/400) labels=36 kind=self
label progress 114/400 (game_id=112/400) labels=32 kind=pool
label progress 115/400 (game_id=116/400) labels=31 kind=pool
label progress 116/400 (game_id=121/400) labels=6 kind=self
label progress 117/400 (game_id=119/400) labels=38 kind=self
label progress 118/400 (game_id=122/400) labels=22 kind=pool
label progress 119/400 (game_id=123/400) labels=15 kind=self
label progress 120/400 (game_id=125/400) labels=6 kind=self
label progress 121/400 (game_id=124/400) labels=12 kind=pool
label progress 122/400 (game_id=127/400) labels=7 kind=self
label progress 123/400 (game_id=118/400) labels=63 kind=pool
label progress 124/400 (game_id=129/400) labels=13 kind=self
label progress 125/400 (game_id=120/400) labels=19 kind=pool
checkpoint wrote 514 labels from 25 games -> artifacts_scratch/colab_shards/labels_seed19500_19899.ckpt/part_seed19583_19628_n25.npz
label progress 126/400 (game_id=131/400) labels=8 kind=self
label progress 127/400 (game_id=130/400) labels=12 kind=pool
label progress 128/400 (game_id=133/400) labels=11 kind=self
label progress 129/400 (game_id=128/400) labels=20 kind=pool
label progress 130/400 (game_id=135/400) labels=10 kind=self
label progress 131/400 (game_id=110/400) labels=7 kind=pool
label progress 132/400 (game_id=134/400) labels=6 kind=pool
label progress 133/400 (game_id=137/400) labels=21 kind=self
label progress 134/400 (game_id=132/400) labels=7 kind=pool
label progress 135/400 (game_id=139/400) labels=63 kind=self
label progress 136/400 (game_id=141/400) labels=7 kind=self
label progress 137/400 (game_id=136/400) labels=15 kind=pool
label progress 138/400 (game_id=143/400) labels=9 kind=self
label progress 139/400 (game_id=140/400) labels=16 kind=pool
label progress 140/400 (game_id=145/400) labels=9 kind=self
label progress 141/400 (game_id=146/400) labels=16 kind=pool
label progress 142/400 (game_id=138/400) labels=21 kind=pool
label progress 143/400 (game_id=147/400) labels=7 kind=self
label progress 144/400 (game_id=149/400) labels=8 kind=self
label progress 145/400 (game_id=126/400) labels=12 kind=pool
label progress 146/400 (game_id=151/400) labels=9 kind=self
label progress 147/400 (game_id=142/400) labels=22 kind=pool
label progress 148/400 (game_id=153/400) labels=8 kind=self
label progress 149/400 (game_id=150/400) labels=32 kind=pool
label progress 150/400 (game_id=152/400) labels=28 kind=pool
checkpoint wrote 384 labels from 25 games -> artifacts_scratch/colab_shards/labels_seed19500_19899.ckpt/part_seed19609_19652_n25.npz
label progress 151/400 (game_id=155/400) labels=6 kind=self
label progress 152/400 (game_id=157/400) labels=35 kind=self
label progress 153/400 (game_id=144/400) labels=7 kind=pool
label progress 154/400 (game_id=154/400) labels=9 kind=pool
label progress 155/400 (game_id=100/400) labels=7 kind=pool
label progress 156/400 (game_id=159/400) labels=7 kind=self
label progress 157/400 (game_id=161/400) labels=3 kind=self
label progress 158/400 (game_id=163/400) labels=6 kind=self
label progress 159/400 (game_id=156/400) labels=18 kind=pool
label progress 160/400 (game_id=160/400) labels=24 kind=pool
label progress 161/400 (game_id=162/400) labels=22 kind=pool
label progress 162/400 (game_id=164/400) labels=12 kind=pool
label progress 163/400 (game_id=148/400) labels=6 kind=pool
label progress 164/400 (game_id=169/400) labels=8 kind=self
label progress 165/400 (game_id=165/400) labels=189 kind=self
label progress 166/400 (game_id=171/400) labels=9 kind=self
label progress 167/400 (game_id=158/400) labels=9 kind=pool
label progress 168/400 (game_id=173/400) labels=8 kind=self
label progress 169/400 (game_id=168/400) labels=10 kind=pool
label progress 170/400 (game_id=167/400) labels=195 kind=self
label progress 171/400 (game_id=175/400) labels=6 kind=self
label progress 172/400 (game_id=177/400) labels=4 kind=self
label progress 173/400 (game_id=174/400) labels=18 kind=pool
label progress 174/400 (game_id=179/400) labels=8 kind=self
label progress 175/400 (game_id=176/400) labels=16 kind=pool
checkpoint wrote 642 labels from 25 games -> artifacts_scratch/colab_shards/labels_seed19500_19899.ckpt/part_seed19599_19678_n25.npz
label progress 176/400 (game_id=181/400) labels=5 kind=self
label progress 177/400 (game_id=170/400) labels=12 kind=pool
label progress 178/400 (game_id=183/400) labels=8 kind=self
label progress 179/400 (game_id=184/400) labels=23 kind=pool
label progress 180/400 (game_id=185/400) labels=6 kind=self
label progress 181/400 (game_id=186/400) labels=16 kind=pool
label progress 182/400 (game_id=187/400) labels=3 kind=self
label progress 183/400 (game_id=178/400) labels=6 kind=pool
label progress 184/400 (game_id=189/400) labels=9 kind=self
label progress 185/400 (game_id=166/400) labels=7 kind=pool
label progress 186/400 (game_id=191/400) labels=8 kind=self
label progress 187/400 (game_id=180/400) labels=10 kind=pool
label progress 188/400 (game_id=193/400) labels=12 kind=self
label progress 189/400 (game_id=188/400) labels=23 kind=pool
label progress 190/400 (game_id=172/400) labels=8 kind=pool
label progress 191/400 (game_id=192/400) labels=17 kind=pool
label progress 192/400 (game_id=197/400) labels=7 kind=self
label progress 193/400 (game_id=194/400) labels=39 kind=pool
label progress 194/400 (game_id=199/400) labels=7 kind=self
label progress 195/400 (game_id=198/400) labels=16 kind=pool
label progress 196/400 (game_id=201/400) labels=17 kind=self
label progress 197/400 (game_id=195/400) labels=199 kind=self
label progress 198/400 (game_id=203/400) labels=23 kind=self
label progress 199/400 (game_id=202/400) labels=14 kind=pool
label progress 200/400 (game_id=205/400) labels=9 kind=self
checkpoint wrote 504 labels from 25 games -> artifacts_scratch/colab_shards/labels_seed19500_19899.ckpt/part_seed19665_19704_n25.npz
label progress 201/400 (game_id=196/400) labels=18 kind=pool
label progress 202/400 (game_id=207/400) labels=8 kind=self
label progress 203/400 (game_id=182/400) labels=6 kind=pool
label progress 204/400 (game_id=209/400) labels=8 kind=self
label progress 205/400 (game_id=204/400) labels=15 kind=pool
label progress 206/400 (game_id=211/400) labels=5 kind=self
label progress 207/400 (game_id=206/400) labels=11 kind=pool
label progress 208/400 (game_id=213/400) labels=5 kind=self
label progress 209/400 (game_id=190/400) labels=31 kind=pool
label progress 210/400 (game_id=215/400) labels=6 kind=self
label progress 211/400 (game_id=208/400) labels=19 kind=pool
label progress 212/400 (game_id=217/400) labels=7 kind=self
label progress 213/400 (game_id=200/400) labels=16 kind=pool
label progress 214/400 (game_id=219/400) labels=4 kind=self
label progress 215/400 (game_id=212/400) labels=40 kind=pool
label progress 216/400 (game_id=221/400) labels=8 kind=self
label progress 217/400 (game_id=216/400) labels=23 kind=pool
label progress 218/400 (game_id=223/400) labels=9 kind=self
label progress 219/400 (game_id=210/400) labels=7 kind=pool
label progress 220/400 (game_id=225/400) labels=11 kind=self
label progress 221/400 (game_id=222/400) labels=13 kind=pool
label progress 222/400 (game_id=227/400) labels=6 kind=self
label progress 223/400 (game_id=228/400) labels=13 kind=pool
label progress 224/400 (game_id=229/400) labels=11 kind=self
label progress 225/400 (game_id=230/400) labels=2 kind=pool
checkpoint wrote 302 labels from 25 games -> artifacts_scratch/colab_shards/labels_seed19500_19899.ckpt/part_seed19681_19729_n25.npz
label progress 226/400 (game_id=231/400) labels=5 kind=self
label progress 227/400 (game_id=220/400) labels=35 kind=pool
label progress 228/400 (game_id=218/400) labels=16 kind=pool
label progress 229/400 (game_id=232/400) labels=43 kind=pool
label progress 230/400 (game_id=235/400) labels=6 kind=self
label progress 231/400 (game_id=233/400) labels=20 kind=self
label progress 232/400 (game_id=237/400) labels=7 kind=self
label progress 233/400 (game_id=224/400) labels=10 kind=pool
label progress 234/400 (game_id=239/400) labels=4 kind=self
label progress 235/400 (game_id=238/400) labels=16 kind=pool
label progress 236/400 (game_id=241/400) labels=5 kind=self
label progress 237/400 (game_id=236/400) labels=37 kind=pool
label progress 238/400 (game_id=243/400) labels=10 kind=self
label progress 239/400 (game_id=214/400) labels=10 kind=pool
label progress 240/400 (game_id=234/400) labels=16 kind=pool
label progress 241/400 (game_id=240/400) labels=18 kind=pool
label progress 242/400 (game_id=242/400) labels=93 kind=pool
label progress 243/400 (game_id=245/400) labels=197 kind=self
label progress 244/400 (game_id=249/400) labels=10 kind=self
label progress 245/400 (game_id=226/400) labels=16 kind=pool
label progress 246/400 (game_id=248/400) labels=14 kind=pool
label progress 247/400 (game_id=251/400) labels=10 kind=self
label progress 248/400 (game_id=253/400) labels=9 kind=self
label progress 249/400 (game_id=252/400) labels=20 kind=pool
label progress 250/400 (game_id=255/400) labels=8 kind=self
checkpoint wrote 635 labels from 25 games -> artifacts_scratch/colab_shards/labels_seed19500_19899.ckpt/part_seed19713_19754_n25.npz
label progress 251/400 (game_id=247/400) labels=190 kind=self
label progress 252/400 (game_id=257/400) labels=10 kind=self
label progress 253/400 (game_id=254/400) labels=11 kind=pool
label progress 254/400 (game_id=250/400) labels=9 kind=pool
label progress 255/400 (game_id=259/400) labels=22 kind=self
label progress 256/400 (game_id=261/400) labels=7 kind=self
label progress 257/400 (game_id=258/400) labels=19 kind=pool
label progress 258/400 (game_id=263/400) labels=10 kind=self
label progress 259/400 (game_id=256/400) labels=13 kind=pool
label progress 260/400 (game_id=265/400) labels=9 kind=self
label progress 261/400 (game_id=262/400) labels=19 kind=pool
label progress 262/400 (game_id=267/400) labels=10 kind=self
label progress 263/400 (game_id=260/400) labels=14 kind=pool
label progress 264/400 (game_id=269/400) labels=9 kind=self
label progress 265/400 (game_id=264/400) labels=7 kind=pool
label progress 266/400 (game_id=266/400) labels=32 kind=pool
label progress 267/400 (game_id=244/400) labels=5 kind=pool
label progress 268/400 (game_id=268/400) labels=20 kind=pool
label progress 269/400 (game_id=274/400) labels=5 kind=pool
label progress 270/400 (game_id=275/400) labels=5 kind=self
label progress 271/400 (game_id=273/400) labels=201 kind=self
label progress 272/400 (game_id=277/400) labels=9 kind=self
label progress 273/400 (game_id=271/400) labels=193 kind=self
label progress 274/400 (game_id=279/400) labels=8 kind=self
label progress 275/400 (game_id=270/400) labels=6 kind=pool
checkpoint wrote 843 labels from 25 games -> artifacts_scratch/colab_shards/labels_seed19500_19899.ckpt/part_seed19743_19778_n25.npz
label progress 276/400 (game_id=281/400) labels=16 kind=self
label progress 277/400 (game_id=282/400) labels=13 kind=pool
label progress 278/400 (game_id=280/400) labels=11 kind=pool
label progress 279/400 (game_id=283/400) labels=9 kind=self
label progress 280/400 (game_id=246/400) labels=5 kind=pool
label progress 281/400 (game_id=285/400) labels=6 kind=self
label progress 282/400 (game_id=287/400) labels=7 kind=self
label progress 283/400 (game_id=286/400) labels=19 kind=pool
label progress 284/400 (game_id=284/400) labels=30 kind=pool
label progress 285/400 (game_id=276/400) labels=23 kind=pool
label progress 286/400 (game_id=291/400) labels=9 kind=self
label progress 287/400 (game_id=289/400) labels=96 kind=self
label progress 288/400 (game_id=293/400) labels=187 kind=self
label progress 289/400 (game_id=294/400) labels=25 kind=pool
label progress 290/400 (game_id=295/400) labels=10 kind=self
label progress 291/400 (game_id=278/400) labels=12 kind=pool
label progress 292/400 (game_id=288/400) labels=9 kind=pool
label progress 293/400 (game_id=297/400) labels=9 kind=self
label progress 294/400 (game_id=299/400) labels=13 kind=self
label progress 295/400 (game_id=296/400) labels=10 kind=pool
label progress 296/400 (game_id=292/400) labels=9 kind=pool
label progress 297/400 (game_id=301/400) labels=26 kind=self
label progress 298/400 (game_id=303/400) labels=8 kind=self
label progress 299/400 (game_id=300/400) labels=21 kind=pool
label progress 300/400 (game_id=305/400) labels=21 kind=self
checkpoint wrote 604 labels from 25 games -> artifacts_scratch/colab_shards/labels_seed19500_19899.ckpt/part_seed19745_19804_n25.npz
label progress 301/400 (game_id=298/400) labels=18 kind=pool
label progress 302/400 (game_id=307/400) labels=74 kind=self
label progress 303/400 (game_id=306/400) labels=33 kind=pool
label progress 304/400 (game_id=309/400) labels=9 kind=self
label progress 305/400 (game_id=308/400) labels=8 kind=pool
label progress 306/400 (game_id=311/400) labels=14 kind=self
label progress 307/400 (game_id=290/400) labels=9 kind=pool
label progress 308/400 (game_id=302/400) labels=9 kind=pool
label progress 309/400 (game_id=312/400) labels=33 kind=pool
label progress 310/400 (game_id=315/400) labels=6 kind=self
label progress 311/400 (game_id=314/400) labels=14 kind=pool
label progress 312/400 (game_id=317/400) labels=12 kind=self
label progress 313/400 (game_id=272/400) labels=200 kind=pool
label progress 314/400 (game_id=319/400) labels=4 kind=self
label progress 315/400 (game_id=313/400) labels=183 kind=self
label progress 316/400 (game_id=321/400) labels=8 kind=self
label progress 317/400 (game_id=322/400) labels=11 kind=pool
label progress 318/400 (game_id=316/400) labels=16 kind=pool
label progress 319/400 (game_id=320/400) labels=11 kind=pool
label progress 320/400 (game_id=325/400) labels=7 kind=self
label progress 321/400 (game_id=323/400) labels=190 kind=self
label progress 322/400 (game_id=327/400) labels=9 kind=self
label progress 323/400 (game_id=318/400) labels=11 kind=pool
label progress 324/400 (game_id=329/400) labels=6 kind=self
label progress 325/400 (game_id=326/400) labels=12 kind=pool
checkpoint wrote 907 labels from 25 games -> artifacts_scratch/colab_shards/labels_seed19500_19899.ckpt/part_seed19771_19828_n25.npz
label progress 326/400 (game_id=331/400) labels=8 kind=self
label progress 327/400 (game_id=332/400) labels=19 kind=pool
label progress 328/400 (game_id=333/400) labels=25 kind=self
label progress 329/400 (game_id=330/400) labels=9 kind=pool
label progress 330/400 (game_id=335/400) labels=8 kind=self
label progress 331/400 (game_id=328/400) labels=18 kind=pool
label progress 332/400 (game_id=337/400) labels=3 kind=self
label progress 333/400 (game_id=310/400) labels=17 kind=pool
label progress 334/400 (game_id=339/400) labels=5 kind=self
label progress 335/400 (game_id=304/400) labels=8 kind=pool
label progress 336/400 (game_id=341/400) labels=7 kind=self
label progress 337/400 (game_id=338/400) labels=19 kind=pool
label progress 338/400 (game_id=343/400) labels=6 kind=self
label progress 339/400 (game_id=334/400) labels=7 kind=pool
label progress 340/400 (game_id=345/400) labels=9 kind=self
label progress 341/400 (game_id=344/400) labels=14 kind=pool
label progress 342/400 (game_id=347/400) labels=7 kind=self
label progress 343/400 (game_id=348/400) labels=30 kind=pool
label progress 344/400 (game_id=346/400) labels=27 kind=pool
label progress 345/400 (game_id=349/400) labels=10 kind=self
label progress 346/400 (game_id=351/400) labels=5 kind=self
label progress 347/400 (game_id=352/400) labels=14 kind=pool
label progress 348/400 (game_id=353/400) labels=15 kind=self
label progress 349/400 (game_id=324/400) labels=10 kind=pool
label progress 350/400 (game_id=355/400) labels=22 kind=self
checkpoint wrote 322 labels from 25 games -> artifacts_scratch/colab_shards/labels_seed19500_19899.ckpt/part_seed19803_19854_n25.npz
label progress 351/400 (game_id=354/400) labels=18 kind=pool
label progress 352/400 (game_id=357/400) labels=10 kind=self
label progress 353/400 (game_id=356/400) labels=16 kind=pool
label progress 354/400 (game_id=359/400) labels=11 kind=self
label progress 355/400 (game_id=336/400) labels=5 kind=pool
label progress 356/400 (game_id=361/400) labels=11 kind=self
label progress 357/400 (game_id=360/400) labels=15 kind=pool
label progress 358/400 (game_id=363/400) labels=5 kind=self
label progress 359/400 (game_id=358/400) labels=31 kind=pool
label progress 360/400 (game_id=365/400) labels=11 kind=self
label progress 361/400 (game_id=364/400) labels=24 kind=pool
label progress 362/400 (game_id=367/400) labels=5 kind=self
label progress 363/400 (game_id=366/400) labels=13 kind=pool
label progress 364/400 (game_id=369/400) labels=7 kind=self
label progress 365/400 (game_id=370/400) labels=23 kind=pool
label progress 366/400 (game_id=371/400) labels=4 kind=self
label progress 367/400 (game_id=342/400) labels=9 kind=pool
label progress 368/400 (game_id=373/400) labels=7 kind=self
label progress 369/400 (game_id=372/400) labels=15 kind=pool
label progress 370/400 (game_id=375/400) labels=5 kind=self
label progress 371/400 (game_id=362/400) labels=8 kind=pool
label progress 372/400 (game_id=377/400) labels=13 kind=self
label progress 373/400 (game_id=376/400) labels=11 kind=pool
label progress 374/400 (game_id=379/400) labels=17 kind=self
label progress 375/400 (game_id=350/400) labels=12 kind=pool
checkpoint wrote 306 labels from 25 games -> artifacts_scratch/colab_shards/labels_seed19500_19899.ckpt/part_seed19835_19878_n25.npz
label progress 376/400 (game_id=381/400) labels=7 kind=self
label progress 377/400 (game_id=340/400) labels=12 kind=pool
label progress 378/400 (game_id=383/400) labels=4 kind=self
label progress 379/400 (game_id=368/400) labels=9 kind=pool
label progress 380/400 (game_id=385/400) labels=7 kind=self
label progress 381/400 (game_id=374/400) labels=23 kind=pool
label progress 382/400 (game_id=387/400) labels=6 kind=self
label progress 383/400 (game_id=382/400) labels=19 kind=pool
label progress 384/400 (game_id=389/400) labels=8 kind=self
label progress 385/400 (game_id=384/400) labels=58 kind=pool
label progress 386/400 (game_id=388/400) labels=5 kind=pool
label progress 387/400 (game_id=391/400) labels=8 kind=self
label progress 388/400 (game_id=393/400) labels=4 kind=self
label progress 389/400 (game_id=386/400) labels=27 kind=pool
label progress 390/400 (game_id=395/400) labels=9 kind=self
label progress 391/400 (game_id=378/400) labels=20 kind=pool
label progress 392/400 (game_id=397/400) labels=19 kind=self
label progress 393/400 (game_id=390/400) labels=11 kind=pool
label progress 394/400 (game_id=399/400) labels=7 kind=self
label progress 395/400 (game_id=392/400) labels=41 kind=pool
label progress 396/400 (game_id=398/400) labels=19 kind=pool
label progress 397/400 (game_id=396/400) labels=8 kind=pool
label progress 398/400 (game_id=400/400) labels=9 kind=pool
label progress 399/400 (game_id=394/400) labels=16 kind=pool
label progress 400/400 (game_id=380/400) labels=7 kind=pool
checkpoint wrote 363 labels from 25 games -> artifacts_scratch/colab_shards/labels_seed19500_19899.ckpt/part_seed19839_19899_n25.npz
wrote 8460 labels from 400 games -> artifacts_scratch/colab_shards/labels_seed19500_19899.json
throughput: 74.68 games/hour | 21.1 labels/game | 1579.4 labels/hour | wall=19282.8s workers=6
