[16:27:41] ckpt syncer start -> artifacts_scratch/colab_shards/<stem>.ckpt/
[16:27:56] ora0: sync pulled 0 file(s)
[16:28:10] ora1: pulled ckpt manifest.json (354 bytes) -> /Users/toprakgundogdu/DeepRL_Monopoly/artifacts_scratch/colab_shards/labels_seed10705_11409.ckpt/manifest.json
[16:28:12] ora1: pulled ckpt part_seed10705_10735_n25.json (6583 bytes) -> /Users/toprakgundogdu/DeepRL_Monopoly/artifacts_scratch/colab_shards/labels_seed10705_11409.ckpt/part_seed10705_10735_n25.json
[16:28:13] ora1: pulled ckpt part_seed10705_10735_n25.jsonl (110573 bytes) -> /Users/toprakgundogdu/DeepRL_Monopoly/artifacts_scratch/colab_shards/labels_seed10705_11409.ckpt/part_seed10705_10735_n25.jsonl
[16:28:16] ora1: pulled ckpt part_seed10705_10735_n25.npz (29010 bytes) -> /Users/toprakgundogdu/DeepRL_Monopoly/artifacts_scratch/colab_shards/labels_seed10705_11409.ckpt/part_seed10705_10735_n25.npz
[16:28:16] ora1: sync pulled 4 file(s)
[16:29:20] ora0: sync pulled 0 file(s)
[16:29:22] ora1: sync pulled 0 file(s)
[16:30:26] ora0: sync pulled 0 file(s)
[16:30:28] ora1: sync pulled 0 file(s)
[16:31:37] ora0: pulled ckpt manifest.json (354 bytes) -> /Users/toprakgundogdu/DeepRL_Monopoly/artifacts_scratch/colab_shards/labels_seed10000_10704.ckpt/manifest.json
[16:31:40] ora0: pulled ckpt part_seed10000_10030_n25.json (6592 bytes) -> /Users/toprakgundogdu/DeepRL_Monopoly/artifacts_scratch/colab_shards/labels_seed10000_10704.ckpt/part_seed10000_10030_n25.json
[16:31:43] ora0: pulled ckpt part_seed10000_10030_n25.jsonl (128957 bytes) -> /Users/toprakgundogdu/DeepRL_Monopoly/artifacts_scratch/colab_shards/labels_seed10000_10704.ckpt/part_seed10000_10030_n25.jsonl
[16:31:45] ora0: pulled ckpt part_seed10000_10030_n25.npz (31156 bytes) -> /Users/toprakgundogdu/DeepRL_Monopoly/artifacts_scratch/colab_shards/labels_seed10000_10704.ckpt/part_seed10000_10030_n25.npz
[16:31:45] ora0: sync pulled 4 file(s)
[16:31:47] ora1: sync pulled 0 file(s)
[16:34:27] ora0: ckpt list timeout
[16:34:27] ora0: sync pulled 0 file(s)
[16:34:29] ora1: sync pulled 0 file(s)
[16:35:33] ora0: sync pulled 0 file(s)
[16:35:35] ora1: sync pulled 0 file(s)
[16:36:38] ora0: sync pulled 0 file(s)
[16:36:41] ora1: sync pulled 0 file(s)
[16:37:46] ora0: sync pulled 0 file(s)
[16:37:51] ora1: sync pulled 0 file(s)
[16:38:54] ora0: sync pulled 0 file(s)
[16:39:06] ora1: sync pulled 0 file(s)
[16:40:11] ora0: sync pulled 0 file(s)
[16:40:13] ora1: sync pulled 0 file(s)
[16:41:47] ora0: sync pulled 0 file(s)
[16:41:59] ora1: sync pulled 0 file(s)
[16:42:00] ckpt syncer start -> artifacts_scratch/colab_shards/<stem>.ckpt/
[16:42:04] ora0: sync pulled 0 file(s)
[16:42:07] ora1: sync pulled 0 file(s)
[16:43:06] ora0: pulled ckpt manifest.json (661 bytes) -> /Users/toprakgundogdu/DeepRL_Monopoly/artifacts_scratch/colab_shards/labels_seed10000_10704.ckpt/manifest.json
[16:43:08] ora0: pulled ckpt part_seed10005_10055_n25.json (6594 bytes) -> /Users/toprakgundogdu/DeepRL_Monopoly/artifacts_scratch/colab_shards/labels_seed10000_10704.ckpt/part_seed10005_10055_n25.json
[16:43:11] ora0: pulled ckpt part_seed10005_10055_n25.jsonl (156613 bytes) -> /Users/toprakgundogdu/DeepRL_Monopoly/artifacts_scratch/colab_shards/labels_seed10000_10704.ckpt/part_seed10005_10055_n25.jsonl
[16:43:14] ora0: pulled ckpt part_seed10005_10055_n25.npz (39463 bytes) -> /Users/toprakgundogdu/DeepRL_Monopoly/artifacts_scratch/colab_shards/labels_seed10000_10704.ckpt/part_seed10005_10055_n25.npz
[16:43:14] ora0: sync pulled 4 file(s)
[16:43:16] ora1: sync pulled 0 file(s)
[16:44:19] ora0: sync pulled 0 file(s)
[16:44:21] ora1: sync pulled 0 file(s)
[16:45:25] ora0: sync pulled 0 file(s)
[16:45:27] ora1: sync pulled 0 file(s)
[16:46:33] ora0: sync pulled 0 file(s)
[16:46:35] ora1: sync pulled 0 file(s)
[16:47:48] ora0: sync pulled 0 file(s)
[16:47:50] ora1: sync pulled 0 file(s)
[16:48:55] ora0: sync pulled 0 file(s)
[16:48:57] ora1: sync pulled 0 file(s)
[16:50:01] ora0: sync pulled 0 file(s)
[16:50:03] ora1: sync pulled 0 file(s)
[16:50:32] ckpt syncer start -> artifacts_scratch/colab_shards/<stem>.ckpt/
[16:50:47] ora0: sync pulled 0 file(s)
[16:51:00] ora1: sync pulled 0 file(s)
[16:51:08] ora0: sync pulled 0 file(s)
[16:51:11] ora1: sync pulled 0 file(s)
[16:52:15] ora0: sync pulled 0 file(s)
[16:52:17] ora1: sync pulled 0 file(s)
[16:54:57] ora0: ckpt list timeout
[16:54:57] ora0: sync pulled 0 file(s)
[16:54:59] ora1: sync pulled 0 file(s)
[16:55:23] ckpt syncer start -> artifacts_scratch/colab_shards/<stem>.ckpt/
[16:55:31] ora0: pulled ckpt manifest.json (968 bytes) -> /Users/toprakgundogdu/DeepRL_Monopoly/artifacts_scratch/colab_shards/labels_seed10000_10704.ckpt/manifest.json
[16:55:33] ora0: pulled ckpt part_seed10035_10080_n25.json (6611 bytes) -> /Users/toprakgundogdu/DeepRL_Monopoly/artifacts_scratch/colab_shards/labels_seed10000_10704.ckpt/part_seed10035_10080_n25.json
[16:55:36] ora0: pulled ckpt part_seed10035_10080_n25.jsonl (223336 bytes) -> /Users/toprakgundogdu/DeepRL_Monopoly/artifacts_scratch/colab_shards/labels_seed10000_10704.ckpt/part_seed10035_10080_n25.jsonl
[16:55:39] ora0: pulled ckpt part_seed10035_10080_n25.npz (55338 bytes) -> /Users/toprakgundogdu/DeepRL_Monopoly/artifacts_scratch/colab_shards/labels_seed10000_10704.ckpt/part_seed10035_10080_n25.npz
[16:55:39] ora0: sync pulled 4 file(s)
[16:55:42] ora1: sync pulled 0 file(s)
[16:56:10] ora0: sync pulled 0 file(s)
[16:56:13] ora1: sync pulled 0 file(s)
[16:58:53] ora0: ckpt list timeout
[16:58:53] ora0: sync pulled 0 file(s)
[16:58:55] ora1: sync pulled 0 file(s)
[16:59:59] ora0: sync pulled 0 file(s)
[17:00:00] ora1: sync pulled 0 file(s)
[17:01:05] ora0: sync pulled 0 file(s)
[17:01:07] ora1: sync pulled 0 file(s)
[17:02:10] ora0: sync pulled 0 file(s)
[17:02:12] ora1: sync pulled 0 file(s)
[17:03:16] ora0: sync pulled 0 file(s)
[17:03:18] ora1: sync pulled 0 file(s)
[17:04:22] ora0: sync pulled 0 file(s)
[17:04:24] ora1: sync pulled 0 file(s)
[17:05:55] ora0: sync pulled 0 file(s)
[17:05:57] ora1: sync pulled 0 file(s)
[17:07:01] ora0: sync pulled 0 file(s)
[17:07:03] ora1: sync pulled 0 file(s)
[17:08:07] ora0: sync pulled 0 file(s)
[17:08:09] ora1: sync pulled 0 file(s)
[17:09:42] ora0: sync pulled 0 file(s)
[17:09:43] ora1: sync pulled 0 file(s)
[17:10:44] ora0: sync pulled 0 file(s)
[17:10:44] ora1: sync pulled 0 file(s)
[17:11:45] ora0: sync pulled 0 file(s)
[17:11:45] ora1: sync pulled 0 file(s)
[17:12:46] ora0: sync pulled 0 file(s)
[17:12:46] ora1: sync pulled 0 file(s)
[17:13:47] ora0: sync pulled 0 file(s)
[17:13:47] ora1: sync pulled 0 file(s)
[17:14:48] ora0: sync pulled 0 file(s)
[17:14:48] ora1: sync pulled 0 file(s)
[17:15:48] ora0: sync pulled 0 file(s)
[17:15:49] ora1: sync pulled 0 file(s)
[17:16:49] ora0: sync pulled 0 file(s)
[17:16:50] ora1: sync pulled 0 file(s)
[17:17:50] ora0: sync pulled 0 file(s)
[17:17:51] ora1: sync pulled 0 file(s)
[17:18:51] ora0: sync pulled 0 file(s)
[17:18:52] ora1: sync pulled 0 file(s)
[17:19:52] ora0: sync pulled 0 file(s)
[17:19:53] ora1: sync pulled 0 file(s)
[17:21:21] ora0: sync pulled 0 file(s)
[17:21:21] ora1: sync pulled 0 file(s)
[19:04:35] ora0: sync pulled 0 file(s)
[19:04:36] ora1: sync pulled 0 file(s)
[19:05:36] ora0: sync pulled 0 file(s)
[19:05:37] ora1: sync pulled 0 file(s)
[19:06:37] ora0: sync pulled 0 file(s)
[19:06:38] ora1: sync pulled 0 file(s)
[19:07:38] ora0: sync pulled 0 file(s)
[19:07:39] ora1: sync pulled 0 file(s)
[19:08:42] ora0: sync pulled 0 file(s)
[19:08:45] ora1: sync pulled 0 file(s)
[19:10:51] ora0: sync pulled 0 file(s)
[19:10:53] ora1: sync pulled 0 file(s)
[19:11:54] ora0: sync pulled 0 file(s)
[19:13:01] ora1: sync pulled 0 file(s)
[19:13:38] ckpt syncer start -> artifacts_scratch/colab_shards/<stem>.ckpt/
[19:13:40] ora0: sync pulled 0 file(s)
[19:13:44] ora1: sync pulled 0 file(s)
[19:14:04] ora0: sync pulled 0 file(s)
[19:14:08] ora1: sync pulled 0 file(s)
[19:15:11] ora0: sync pulled 0 file(s)
[19:15:24] ora1: sync pulled 0 file(s)
[19:16:26] ora0: sync pulled 0 file(s)
[19:16:30] ora1: sync pulled 0 file(s)
[19:17:33] ora0: sync pulled 0 file(s)
[19:17:45] ora1: sync pulled 0 file(s)
[19:18:48] ora0: sync pulled 0 file(s)
[19:18:51] ora1: sync pulled 0 file(s)
[19:19:55] ora0: sync pulled 0 file(s)
[19:20:08] ora1: sync pulled 0 file(s)
[19:21:22] ora0: sync pulled 0 file(s)
[19:21:36] ora1: sync pulled 0 file(s)
[19:22:39] ora0: sync pulled 0 file(s)
[19:22:41] ora1: sync pulled 0 file(s)
[19:23:44] ora0: sync pulled 0 file(s)
[19:23:47] ora1: sync pulled 0 file(s)
[19:24:49] ora0: sync pulled 0 file(s)
[19:25:02] ora1: sync pulled 0 file(s)
[19:26:04] ora0: sync pulled 0 file(s)
[19:26:08] ora1: sync pulled 0 file(s)
[19:27:21] ora0: sync pulled 0 file(s)
[19:27:24] ora1: sync pulled 0 file(s)
[19:28:27] ora0: sync pulled 0 file(s)
[19:28:44] ora1: sync pulled 0 file(s)
[19:29:57] ora0: sync pulled 0 file(s)
[19:30:10] ora1: sync pulled 0 file(s)
[19:31:12] ora0: sync pulled 0 file(s)
[19:31:15] ora1: sync pulled 0 file(s)
[19:32:18] ora0: sync pulled 0 file(s)
[19:32:21] ora1: sync pulled 0 file(s)
[19:33:24] ora0: sync pulled 0 file(s)
[19:33:37] ora1: sync pulled 0 file(s)
[19:34:49] ora0: sync pulled 0 file(s)
[19:34:52] ora1: sync pulled 0 file(s)
[19:35:54] ora0: sync pulled 0 file(s)
[19:35:58] ora1: sync pulled 0 file(s)
[19:37:10] ora0: sync pulled 0 file(s)
[19:37:13] ora1: sync pulled 0 file(s)
[19:38:26] ora0: sync pulled 0 file(s)
[19:38:38] ora1: sync pulled 0 file(s)
[19:39:40] ora0: sync pulled 0 file(s)
[19:39:43] ora1: sync pulled 0 file(s)
[19:40:58] ora0: sync pulled 0 file(s)
[19:41:00] ora1: sync pulled 0 file(s)
[19:42:13] ora0: sync pulled 0 file(s)
[19:42:17] ora1: sync pulled 0 file(s)
[19:43:19] ora0: sync pulled 0 file(s)
[19:43:22] ora1: sync pulled 0 file(s)
[19:44:36] ora0: sync pulled 0 file(s)
[19:44:39] ora1: sync pulled 0 file(s)
[19:45:44] ora0: pulled ckpt manifest.json (1275 bytes) -> /Users/toprakgundogdu/DeepRL_Monopoly/artifacts_scratch/colab_shards/labels_seed10000_10704.ckpt/manifest.json
[19:45:46] ora0: pulled ckpt part_seed10069_10105_n25.json (6608 bytes) -> /Users/toprakgundogdu/DeepRL_Monopoly/artifacts_scratch/colab_shards/labels_seed10000_10704.ckpt/part_seed10069_10105_n25.json
[19:45:48] ora0: pulled ckpt part_seed10069_10105_n25.jsonl (401854 bytes) -> /Users/toprakgundogdu/DeepRL_Monopoly/artifacts_scratch/colab_shards/labels_seed10000_10704.ckpt/part_seed10069_10105_n25.jsonl
[19:45:51] ora0: pulled ckpt part_seed10069_10105_n25.npz (91221 bytes) -> /Users/toprakgundogdu/DeepRL_Monopoly/artifacts_scratch/colab_shards/labels_seed10000_10704.ckpt/part_seed10069_10105_n25.npz
[19:45:51] ora0: sync pulled 4 file(s)
[19:45:54] ora1: sync pulled 0 file(s)
[19:47:06] ora0: sync pulled 0 file(s)
[19:47:09] ora1: sync pulled 0 file(s)
[19:48:11] ora0: sync pulled 0 file(s)
[19:48:14] ora1: sync pulled 0 file(s)
[19:49:17] ora0: sync pulled 0 file(s)
[19:49:19] ora1: sync pulled 0 file(s)
[19:50:22] ora0: sync pulled 0 file(s)
[19:50:24] ora1: sync pulled 0 file(s)
[19:51:27] ora0: sync pulled 0 file(s)
[19:51:40] ora1: sync pulled 0 file(s)
[19:52:42] ora0: sync pulled 0 file(s)
[19:52:45] ora1: sync pulled 0 file(s)
[19:53:57] ora0: sync pulled 0 file(s)
[19:54:10] ora1: sync pulled 0 file(s)
[19:55:13] ora0: sync pulled 0 file(s)
[19:55:26] ora1: sync pulled 0 file(s)
[19:56:32] ora0: sync pulled 0 file(s)
[19:56:37] ora1: sync pulled 0 file(s)
[19:57:50] ora0: sync pulled 0 file(s)
[19:57:55] ora1: pulled ckpt manifest.json (661 bytes) -> /Users/toprakgundogdu/DeepRL_Monopoly/artifacts_scratch/colab_shards/labels_seed10705_11409.ckpt/manifest.json
[19:57:58] ora1: pulled ckpt part_seed10708_10759_n25.json (6583 bytes) -> /Users/toprakgundogdu/DeepRL_Monopoly/artifacts_scratch/colab_shards/labels_seed10705_11409.ckpt/part_seed10708_10759_n25.json
[19:58:01] ora1: pulled ckpt part_seed10708_10759_n25.jsonl (186417 bytes) -> /Users/toprakgundogdu/DeepRL_Monopoly/artifacts_scratch/colab_shards/labels_seed10705_11409.ckpt/part_seed10708_10759_n25.jsonl
[19:58:04] ora1: pulled ckpt part_seed10708_10759_n25.npz (44850 bytes) -> /Users/toprakgundogdu/DeepRL_Monopoly/artifacts_scratch/colab_shards/labels_seed10705_11409.ckpt/part_seed10708_10759_n25.npz
[19:58:04] ora1: sync pulled 4 file(s)
[19:59:09] ora0: sync pulled 0 file(s)
[19:59:22] ora1: sync pulled 0 file(s)
[20:00:35] ora0: sync pulled 0 file(s)
[20:00:38] ora1: sync pulled 0 file(s)
[20:01:51] ora0: sync pulled 0 file(s)
[20:01:54] ora1: sync pulled 0 file(s)
[20:02:59] ora0: sync pulled 0 file(s)
[20:03:02] ora1: sync pulled 0 file(s)
[20:04:06] ora0: sync pulled 0 file(s)
[20:04:11] ora1: sync pulled 0 file(s)
[20:05:14] ora0: sync pulled 0 file(s)
[20:05:17] ora1: sync pulled 0 file(s)
[20:06:32] ora0: sync pulled 0 file(s)
[20:06:40] ora1: sync pulled 0 file(s)
[20:07:53] ora0: sync pulled 0 file(s)
[20:08:07] ora1: sync pulled 0 file(s)
[20:09:09] ora0: sync pulled 0 file(s)
[20:09:12] ora1: sync pulled 0 file(s)
[20:10:15] ora0: sync pulled 0 file(s)
[20:10:17] ora1: sync pulled 0 file(s)
[20:11:19] ora0: sync pulled 0 file(s)
[20:11:21] ora1: sync pulled 0 file(s)
[20:12:23] ora0: sync pulled 0 file(s)
[20:12:25] ora1: sync pulled 0 file(s)
[20:13:27] ora0: sync pulled 0 file(s)
[20:13:28] ora1: sync pulled 0 file(s)
[20:14:33] ora0: sync pulled 0 file(s)
[20:14:36] ora1: sync pulled 0 file(s)
[20:15:37] ora0: sync pulled 0 file(s)
[20:15:38] ora1: sync pulled 0 file(s)
[20:16:40] ora0: sync pulled 0 file(s)
[20:16:42] ora1: sync pulled 0 file(s)
[20:17:44] ora0: sync pulled 0 file(s)
[20:17:46] ora1: sync pulled 0 file(s)
[20:18:48] ora0: sync pulled 0 file(s)
[20:18:49] ora1: sync pulled 0 file(s)
[20:19:52] ora0: sync pulled 0 file(s)
[20:19:56] ora1: sync pulled 0 file(s)
[20:20:57] ora0: sync pulled 0 file(s)
[20:20:59] ora1: sync pulled 0 file(s)
[20:22:04] ora0: sync pulled 0 file(s)
[20:22:06] ora1: sync pulled 0 file(s)
[20:23:07] ora0: sync pulled 0 file(s)
[20:23:08] ora1: sync pulled 0 file(s)
[20:24:15] ora0: sync pulled 0 file(s)
[20:24:16] ora1: sync pulled 0 file(s)
[20:25:17] ora0: sync pulled 0 file(s)
[20:25:18] ora1: sync pulled 0 file(s)
[20:26:20] ora0: sync pulled 0 file(s)
[20:26:22] ora1: sync pulled 0 file(s)
[20:27:24] ora0: sync pulled 0 file(s)
[20:27:26] ora1: sync pulled 0 file(s)
[20:28:27] ora0: sync pulled 0 file(s)
[20:28:28] ora1: sync pulled 0 file(s)
[20:29:29] ora0: sync pulled 0 file(s)
[20:29:30] ora1: sync pulled 0 file(s)
[20:30:32] ora0: sync pulled 0 file(s)
[20:30:34] ora1: sync pulled 0 file(s)
[20:31:35] ora0: sync pulled 0 file(s)
[20:31:38] ora1: sync pulled 0 file(s)
[20:32:39] ora0: sync pulled 0 file(s)
[20:32:41] ora1: sync pulled 0 file(s)
[20:33:43] ora0: sync pulled 0 file(s)
[20:33:44] ora1: sync pulled 0 file(s)
[20:34:47] ora0: sync pulled 0 file(s)
[20:34:51] ora1: sync pulled 0 file(s)
[20:35:52] ora0: sync pulled 0 file(s)
[20:35:54] ora1: sync pulled 0 file(s)
[20:37:00] ora0: sync pulled 0 file(s)
[20:37:02] ora1: sync pulled 0 file(s)
[20:38:04] ora0: sync pulled 0 file(s)
[20:38:05] ora1: sync pulled 0 file(s)
[20:39:06] ora0: sync pulled 0 file(s)
[20:39:08] ora1: sync pulled 0 file(s)
[20:40:10] ora0: sync pulled 0 file(s)
[20:40:11] ora1: sync pulled 0 file(s)
[20:41:12] ora0: sync pulled 0 file(s)
[20:41:14] ora1: sync pulled 0 file(s)
[20:42:14] ora0: sync pulled 0 file(s)
[20:42:15] ora1: sync pulled 0 file(s)
[20:43:16] ora0: sync pulled 0 file(s)
[20:43:17] ora1: sync pulled 0 file(s)
[20:44:17] ora0: sync pulled 0 file(s)
[20:44:18] ora1: sync pulled 0 file(s)
[20:45:18] ora0: sync pulled 0 file(s)
[20:45:19] ora1: sync pulled 0 file(s)
[20:46:19] ora0: sync pulled 0 file(s)
[20:46:20] ora1: sync pulled 0 file(s)
[20:47:20] ora0: sync pulled 0 file(s)
[20:47:21] ora1: sync pulled 0 file(s)
[20:48:21] ora0: sync pulled 0 file(s)
[20:48:22] ora1: sync pulled 0 file(s)
[20:49:22] ora0: sync pulled 0 file(s)
[20:49:23] ora1: sync pulled 0 file(s)
[20:50:23] ora0: sync pulled 0 file(s)
[20:50:24] ora1: sync pulled 0 file(s)
[20:51:25] ora0: sync pulled 0 file(s)
[20:51:25] ora1: sync pulled 0 file(s)
[20:54:05] ora0: ckpt list timeout
[20:54:05] ora0: sync pulled 0 file(s)
[20:54:09] ora1: sync pulled 0 file(s)
[20:55:11] ora0: sync pulled 0 file(s)
[20:56:40] ora1: sync pulled 0 file(s)
[20:57:42] ora0: sync pulled 0 file(s)
[20:57:44] ora1: sync pulled 0 file(s)
[20:58:46] ora0: sync pulled 0 file(s)
[20:58:48] ora1: sync pulled 0 file(s)
[20:59:50] ora0: sync pulled 0 file(s)
[20:59:52] ora1: sync pulled 0 file(s)
[21:00:53] ora0: sync pulled 0 file(s)
[21:00:58] ora1: sync pulled 0 file(s)
[21:02:00] ora0: sync pulled 0 file(s)
[21:02:02] ora1: sync pulled 0 file(s)
[21:03:04] ora0: sync pulled 0 file(s)
[21:03:06] ora1: sync pulled 0 file(s)
[21:04:08] ora0: sync pulled 0 file(s)
[21:04:10] ora1: sync pulled 0 file(s)
[21:05:12] ora0: sync pulled 0 file(s)
[21:05:13] ora1: sync pulled 0 file(s)
[21:06:15] ora0: sync pulled 0 file(s)
[21:06:17] ora1: sync pulled 0 file(s)
[21:07:19] ora0: sync pulled 0 file(s)
[21:07:21] ora1: sync pulled 0 file(s)
[21:08:34] ora0: sync pulled 0 file(s)
[21:08:39] ora1: sync pulled 0 file(s)
[21:09:42] ora0: sync pulled 0 file(s)
[21:09:56] ora1: sync pulled 0 file(s)
[21:10:58] ora0: sync pulled 0 file(s)
[21:11:00] ora1: sync pulled 0 file(s)
[21:12:02] ora0: sync pulled 0 file(s)
[21:12:05] ora1: sync pulled 0 file(s)
[21:13:17] ora0: sync pulled 0 file(s)
[21:13:20] ora1: sync pulled 0 file(s)
[21:14:23] ora0: sync pulled 0 file(s)
[21:14:35] ora1: sync pulled 0 file(s)
[21:15:37] ora0: sync pulled 0 file(s)
[21:15:40] ora1: sync pulled 0 file(s)
[21:16:42] ora0: sync pulled 0 file(s)
[21:16:45] ora1: sync pulled 0 file(s)
[21:17:49] ora0: sync pulled 0 file(s)
[21:17:52] ora1: sync pulled 0 file(s)
[21:18:54] ora0: sync pulled 0 file(s)
[21:18:56] ora1: sync pulled 0 file(s)
[21:19:59] ora0: sync pulled 0 file(s)
[21:20:01] ora1: sync pulled 0 file(s)
[21:21:03] ora0: sync pulled 0 file(s)
[21:21:05] ora1: sync pulled 0 file(s)
[21:22:07] ora0: sync pulled 0 file(s)
[21:22:09] ora1: sync pulled 0 file(s)
[21:23:11] ora0: sync pulled 0 file(s)
[21:23:14] ora1: sync pulled 0 file(s)
[21:24:16] ora0: sync pulled 0 file(s)
[21:24:18] ora1: sync pulled 0 file(s)
[21:25:21] ora0: sync pulled 0 file(s)
[21:25:23] ora1: sync pulled 0 file(s)
[21:26:36] ora0: sync pulled 0 file(s)
[21:26:48] ora1: sync pulled 0 file(s)
[21:28:04] ora0: sync pulled 0 file(s)
[21:28:08] ora1: sync pulled 0 file(s)
[21:29:21] ora0: sync pulled 0 file(s)
[21:29:23] ora1: sync pulled 0 file(s)
[21:30:36] ora0: sync pulled 0 file(s)
[21:30:39] ora1: sync pulled 0 file(s)
[21:31:48] ora0: sync pulled 0 file(s)
[21:31:56] ora1: sync pulled 0 file(s)
[21:33:00] ora0: sync pulled 0 file(s)
[21:33:14] ora1: sync pulled 0 file(s)
[21:34:27] ora0: sync pulled 0 file(s)
[21:34:39] ora1: sync pulled 0 file(s)
[21:35:46] ora0: sync pulled 0 file(s)
[21:36:02] ora1: sync pulled 0 file(s)
[21:37:07] ora0: sync pulled 0 file(s)
[21:37:23] ora1: sync pulled 0 file(s)
[21:38:40] ora0: sync pulled 0 file(s)
[21:39:02] ora1: sync pulled 0 file(s)
[21:40:11] ora0: sync pulled 0 file(s)
[21:40:30] ora1: sync pulled 0 file(s)
[21:41:35] ora0: pulled ckpt manifest.json (1582 bytes) -> /Users/toprakgundogdu/DeepRL_Monopoly/artifacts_scratch/colab_shards/labels_seed10000_10704.ckpt/manifest.json
[21:41:37] ora0: pulled ckpt part_seed10083_10130_n25.json (6610 bytes) -> /Users/toprakgundogdu/DeepRL_Monopoly/artifacts_scratch/colab_shards/labels_seed10000_10704.ckpt/part_seed10083_10130_n25.json
[21:41:40] ora0: pulled ckpt part_seed10083_10130_n25.jsonl (220619 bytes) -> /Users/toprakgundogdu/DeepRL_Monopoly/artifacts_scratch/colab_shards/labels_seed10000_10704.ckpt/part_seed10083_10130_n25.jsonl
[21:41:44] ora0: pulled ckpt part_seed10083_10130_n25.npz (55812 bytes) -> /Users/toprakgundogdu/DeepRL_Monopoly/artifacts_scratch/colab_shards/labels_seed10000_10704.ckpt/part_seed10083_10130_n25.npz
[21:41:45] ora0: sync pulled 4 file(s)
[21:41:54] ora1: sync pulled 0 file(s)
[21:43:05] ora0: sync pulled 0 file(s)
[21:43:26] ora1: sync pulled 0 file(s)
[21:44:30] ora0: sync pulled 0 file(s)
[21:44:45] ora1: sync pulled 0 file(s)
[21:45:59] ora0: sync pulled 0 file(s)
[21:46:03] ora1: sync pulled 0 file(s)
[21:47:18] ora0: sync pulled 0 file(s)
[21:47:23] ora1: sync pulled 0 file(s)
[21:48:36] ora0: sync pulled 0 file(s)
[21:48:53] ora1: sync pulled 0 file(s)
[21:50:07] ora0: sync pulled 0 file(s)
[21:50:16] ora1: sync pulled 0 file(s)
[21:51:37] ora0: sync pulled 0 file(s)
[21:51:46] ora1: sync pulled 0 file(s)
[21:52:49] ora0: sync pulled 0 file(s)
[21:52:52] ora1: sync pulled 0 file(s)
[21:53:56] ora0: sync pulled 0 file(s)
[21:53:58] ora1: sync pulled 0 file(s)
[21:55:09] ora0: sync pulled 0 file(s)
[21:55:28] ora1: sync pulled 0 file(s)
[21:56:42] ora0: sync pulled 0 file(s)
[21:56:59] ora1: sync pulled 0 file(s)
[21:58:15] ora0: sync pulled 0 file(s)
[21:58:24] ora1: sync pulled 0 file(s)
[22:01:04] ora0: ckpt list timeout
[22:01:04] ora0: sync pulled 0 file(s)
[22:01:14] ora1: sync pulled 0 file(s)
[22:02:28] ora0: sync pulled 0 file(s)
[22:03:57] ora1: sync pulled 0 file(s)
[22:05:12] ora0: sync pulled 0 file(s)
[22:05:17] ora1: sync pulled 0 file(s)
[22:06:38] ora0: sync pulled 0 file(s)
[22:06:55] ora1: sync pulled 0 file(s)
[22:08:11] ora0: sync pulled 0 file(s)
[22:08:27] ora1: sync pulled 0 file(s)
[22:09:33] ora0: sync pulled 0 file(s)
[22:09:41] ora1: sync pulled 0 file(s)
[22:10:59] ora0: sync pulled 0 file(s)
[22:11:09] ora1: sync pulled 0 file(s)
[22:12:17] ora0: sync pulled 0 file(s)
[22:12:23] ora1: sync pulled 0 file(s)
[22:13:26] ora0: sync pulled 0 file(s)
[22:13:37] ora1: sync pulled 0 file(s)
[22:14:42] ora0: sync pulled 0 file(s)
[22:14:45] ora1: sync pulled 0 file(s)
[22:15:56] ora0: sync pulled 0 file(s)
[22:16:19] ora1: sync pulled 0 file(s)
[22:17:22] ora0: sync pulled 0 file(s)
[22:17:24] ora1: sync pulled 0 file(s)
[22:18:30] ora0: sync pulled 0 file(s)
[22:18:37] ora1: sync pulled 0 file(s)
[22:20:01] ora0: sync pulled 0 file(s)
[22:20:05] ora1: sync pulled 0 file(s)
[22:21:19] ora0: sync pulled 0 file(s)
[22:21:23] ora1: sync pulled 0 file(s)
[22:22:37] ora0: sync pulled 0 file(s)
[22:22:51] ora1: sync pulled 0 file(s)
[22:24:05] ora0: sync pulled 0 file(s)
[22:24:10] ora1: sync pulled 0 file(s)
[22:25:31] ora0: sync pulled 0 file(s)
[22:25:33] ora1: sync pulled 0 file(s)
[22:26:37] ora0: sync pulled 0 file(s)
[22:26:53] ora1: sync pulled 0 file(s)
[22:27:58] ora0: sync pulled 0 file(s)
[22:28:07] ora1: sync pulled 0 file(s)
[22:29:25] ora0: sync pulled 0 file(s)
[22:29:28] ora1: sync pulled 0 file(s)
[22:30:35] ora0: sync pulled 0 file(s)
[22:30:52] ora1: sync pulled 0 file(s)
[22:32:13] ora0: sync pulled 0 file(s)
[22:32:26] ora1: sync pulled 0 file(s)
[22:33:29] ora0: sync pulled 0 file(s)
[22:33:32] ora1: sync pulled 0 file(s)
[22:34:46] ora0: sync pulled 0 file(s)
[22:34:49] ora1: sync pulled 0 file(s)
[22:35:51] ora0: sync pulled 0 file(s)
[22:35:54] ora1: sync pulled 0 file(s)
[22:37:07] ora0: sync pulled 0 file(s)
[22:37:21] ora1: sync pulled 0 file(s)
[22:38:34] ora0: sync pulled 0 file(s)
[22:38:39] ora1: sync pulled 0 file(s)
[22:39:42] ora0: sync pulled 0 file(s)
[22:39:55] ora1: sync pulled 0 file(s)
[22:40:58] ora0: sync pulled 0 file(s)
[22:41:01] ora1: sync pulled 0 file(s)
[22:42:14] ora0: sync pulled 0 file(s)
[22:42:27] ora1: sync pulled 0 file(s)
[22:43:30] ora0: sync pulled 0 file(s)
[22:43:36] ora1: sync pulled 0 file(s)
[22:44:51] ora0: sync pulled 0 file(s)
[22:44:58] ora1: sync pulled 0 file(s)
[22:46:15] ora0: sync pulled 0 file(s)
[22:46:30] ora1: sync pulled 0 file(s)
[22:47:45] ora0: sync pulled 0 file(s)
[22:48:09] ora1: sync pulled 0 file(s)
[22:49:12] ora0: sync pulled 0 file(s)
[22:49:14] ora1: sync pulled 0 file(s)
[22:50:17] ora0: sync pulled 0 file(s)
[22:50:19] ora1: sync pulled 0 file(s)
[22:51:23] ora0: sync pulled 0 file(s)
[22:51:25] ora1: sync pulled 0 file(s)
[22:52:40] ora0: sync pulled 0 file(s)
[22:52:43] ora1: sync pulled 0 file(s)
[22:53:45] ora0: sync pulled 0 file(s)
[22:53:48] ora1: sync pulled 0 file(s)
[22:54:54] ora0: sync pulled 0 file(s)
[22:54:57] ora1: sync pulled 0 file(s)
[22:56:10] ora0: sync pulled 0 file(s)
[22:56:23] ora1: sync pulled 0 file(s)
[22:57:30] ora0: sync pulled 0 file(s)
[22:57:43] ora1: sync pulled 0 file(s)
[22:58:54] ora0: sync pulled 0 file(s)
[22:58:59] ora1: sync pulled 0 file(s)
[23:00:01] ora0: sync pulled 0 file(s)
[23:00:04] ora1: sync pulled 0 file(s)
[23:01:09] ora0: sync pulled 0 file(s)
[23:01:14] ora1: sync pulled 0 file(s)
[23:02:24] ora0: sync pulled 0 file(s)
[23:02:26] ora1: sync pulled 0 file(s)
[23:03:28] ora0: sync pulled 0 file(s)
[23:03:29] ora1: sync pulled 0 file(s)
[23:04:33] ora0: sync pulled 0 file(s)
[23:04:35] ora1: sync pulled 0 file(s)
[23:05:39] ora0: sync pulled 0 file(s)
[23:05:42] ora1: sync pulled 0 file(s)
[23:06:45] ora0: sync pulled 0 file(s)
[23:06:46] ora1: sync pulled 0 file(s)
[23:07:48] ora0: sync pulled 0 file(s)
[23:07:52] ora1: sync pulled 0 file(s)
[23:08:53] ora0: sync pulled 0 file(s)
[23:08:55] ora1: sync pulled 0 file(s)
[23:09:57] ora0: sync pulled 0 file(s)
[23:09:59] ora1: sync pulled 0 file(s)
[23:11:00] ora0: sync pulled 0 file(s)
[23:11:03] ora1: sync pulled 0 file(s)
[23:12:05] ora0: sync pulled 0 file(s)
[23:12:06] ora1: sync pulled 0 file(s)
[23:13:09] ora0: sync pulled 0 file(s)
[23:13:13] ora1: sync pulled 0 file(s)
[23:14:24] ora0: sync pulled 0 file(s)
[23:14:30] ora1: sync pulled 0 file(s)
[23:15:33] ora0: sync pulled 0 file(s)
[23:15:34] ora1: sync pulled 0 file(s)
[23:16:37] ora0: sync pulled 0 file(s)
[23:16:41] ora1: sync pulled 0 file(s)
[23:17:43] ora0: sync pulled 0 file(s)
[23:17:45] ora1: sync pulled 0 file(s)
[23:18:55] ora0: sync pulled 0 file(s)
[23:18:57] ora1: sync pulled 0 file(s)
[23:20:05] ora0: sync pulled 0 file(s)
[23:20:06] ora1: sync pulled 0 file(s)
[23:21:09] ora0: sync pulled 0 file(s)
[23:21:13] ora1: sync pulled 0 file(s)
[23:27:30] ckpt syncer start -> artifacts_scratch/colab_shards/<stem>.ckpt/
[23:27:34] ora0: sync pulled 0 file(s)
[23:27:38] ora1: sync pulled 0 file(s)
