h2h progress 1/48
h2h progress 2/48
h2h progress 3/48
h2h progress 4/48
h2h progress 5/48
h2h progress 6/48
h2h progress 7/48
h2h progress 8/48
h2h progress 9/48
h2h progress 10/48
h2h progress 11/48
h2h progress 12/48
h2h progress 13/48
h2h progress 14/48
h2h progress 15/48
h2h progress 16/48
h2h progress 17/48
h2h progress 18/48
h2h progress 19/48
h2h progress 20/48
h2h progress 21/48
h2h progress 22/48
h2h progress 23/48
h2h progress 24/48
h2h progress 25/48
h2h progress 26/48
h2h progress 27/48
h2h progress 28/48
h2h progress 29/48
h2h progress 30/48
h2h progress 31/48
h2h progress 32/48
h2h progress 33/48
h2h progress 34/48
h2h progress 35/48
h2h progress 36/48
h2h progress 37/48
h2h progress 38/48
h2h progress 39/48
h2h progress 40/48
h2h progress 41/48
h2h progress 42/48
h2h progress 43/48
h2h progress 44/48
h2h progress 45/48
h2h progress 46/48
h2h progress 47/48
h2h progress 48/48
{
  "asu_plus_vs_asu": {
    "asu_plus_wilson_95": [
      0.2884966777841157,
      0.5571866771602373
    ],
    "asu_plus_wilson_lower": 0.2884966777841157,
    "asu_plus_win_rate": 0.4166666666666667,
    "asu_wilson_95": [
      0.2884966777841157,
      0.5571866771602373
    ],
    "asu_win_rate": 0.4166666666666667,
    "beats_asu": false,
    "beats_asu_on_margin": false,
    "net_worth_margin": {
      "asu_plus_richer": 22,
      "asu_plus_richer_rate": 0.4583333333333333,
      "beats_asu_on_margin": false,
      "mean": 1025.0729166666667,
      "mean_minus_se": -3784.69937708365,
      "mean_plus_se": 5834.845210416984,
      "n": 48,
      "se": 4809.772293750317,
      "std": 33323.07994245059
    },
    "rate_gap": 0.0
  },
  "disclaimer": "These are ppo-plus-v2 simulator results for ASU-inspired reconstructions; they do not reproduce or estimate either cited paper's reported win rates.",
  "frozen_spec_hash": "9ab1907e0de1af4b253ce36ffa107c4fdb5e2b913858ef87c362423e61a6fd74",
  "games": 48,
  "lineup": [
    "asu-plus-v1",
    "asu-value-v1",
    "fixed-a",
    "fixed-b"
  ],
  "ruleset": "ppo-plus-v2",
  "seed": 0,
  "truncations": 0,
  "weights": {
    "endgame_start_round": 150,
    "w_block": 0.05,
    "w_endgame": 0.15,
    "w_liq": 0.5
  },
  "win_rates": {
    "asu-plus-v1": {
      "games": 48,
      "wilson_95": [
        0.2884966777841157,
        0.5571866771602373
      ],
      "win_rate": 0.4166666666666667,
      "win_rate_percent": 41.66666666666667,
      "wins": 20
    },
    "asu-value-v1": {
      "games": 48,
      "wilson_95": [
        0.2884966777841157,
        0.5571866771602373
      ],
      "win_rate": 0.4166666666666667,
      "win_rate_percent": 41.66666666666667,
      "wins": 20
    },
    "fixed-a": {
      "games": 48,
      "wilson_95": [
        6.938893903907228e-18,
        0.07410012966611748
      ],
      "win_rate": 0.0,
      "win_rate_percent": 0.0,
      "wins": 0
    },
    "fixed-b": {
      "games": 48,
      "wilson_95": [
        0.08695513576485567,
        0.295778284012556
      ],
      "win_rate": 0.16666666666666666,
      "win_rate_percent": 16.666666666666664,
      "wins": 8
    }
  },
  "workers": 8
}

ASU+ 0.417 (Wilson [0.288, 0.557]) vs ASU 0.417 | beats_asu=False
net_worth_margin ASU+-ASU: mean=1025.1 ± SE 4809.8 (mean±SE [-3784.7, 5834.8]) richer=22/48 | beats_asu_on_margin=False
