
=== beat50_plus_auction_plain start 2026-08-13 14:26:53 ===
/Users/toprakgundogdu/DeepRL_Monopoly/.venv/bin/python -u -m oracle.eval_h2h --games 48 --seed 8200100 --workers 4 --deadline-s 0 --early-stop-lead 0 --game-timeout-s 0 --resume --pretty --lineup oracle-plus-v1,inncenta-heuristic,fixed-b,fixed-c --checkpoint-dir /Users/toprakgundogdu/DeepRL_Monopoly/artifacts_scratch/beat50_plus_auction_plain_ckpt --output /Users/toprakgundogdu/DeepRL_Monopoly/artifacts_scratch/beat50_plus_auction_plain.json --leaf asu --one-ply --no-denial --no-solvency --completing-trade --auction --inncenta-trade
h2h progress 1/48
h2h progress 2/48
h2h progress 3/48
h2h progress 4/48
h2h progress 5/48
h2h progress 6/48
h2h progress 7/48
h2h progress 8/48
h2h progress 9/48
h2h progress 10/48
h2h progress 11/48
h2h progress 12/48
h2h progress 13/48
h2h progress 14/48
h2h progress 15/48
h2h progress 16/48
h2h progress 17/48
h2h progress 18/48
h2h progress 19/48
h2h progress 20/48
h2h progress 21/48
h2h progress 22/48
h2h progress 23/48
h2h progress 24/48
h2h progress 25/48
h2h progress 26/48
h2h progress 27/48
h2h progress 28/48
h2h progress 29/48
h2h progress 30/48
h2h progress 31/48
h2h progress 32/48
h2h progress 33/48
h2h progress 34/48
h2h progress 35/48
h2h progress 36/48
h2h progress 37/48
h2h progress 38/48
h2h progress 39/48
h2h progress 40/48
h2h progress 41/48
h2h progress 42/48
h2h progress 43/48
h2h progress 44/48
h2h progress 45/48
h2h progress 46/48
h2h progress 47/48
h2h progress 48/48

lineup=['oracle-plus-v1', 'inncenta-heuristic', 'fixed-b', 'fixed-c']
  fixed-b: WR=0.104 (5/48) Wilson [0.045321719041813105, 0.2216742169438633]
  fixed-c: WR=0.042 (2/48) Wilson [0.011501893489386586, 0.13975655870455445]
  inncenta-heuristic: WR=0.417 (20/48) Wilson [0.2884966777841157, 0.5571866771602373]
  oracle-plus-v1: WR=0.438 (21/48) Wilson [0.30701269040654244, 0.5772498258017222]
oracle WR=0.438 Wilson [0.30701269040654244, 0.5772498258017222]
  vs fixed-b: WR=0.104 (5/48) gap=+0.333 margin=14298.5 ± SE 3392.1
  vs fixed-c: WR=0.042 (2/48) gap=+0.396 margin=15991.7 ± SE 3061.3
  vs inncenta-heuristic: WR=0.417 (20/48) gap=+0.021 margin=-622.6 ± SE 5609.1
{
  "completed_games": 48,
  "disclaimer": "These are ppo-plus-v2 simulator results for ASU-inspired reconstructions; they do not reproduce or estimate either cited paper's reported win rates.",
  "frozen_spec_hash": "9ab1907e0de1af4b253ce36ffa107c4fdb5e2b913858ef87c362423e61a6fd74",
  "game_timeout_s": null,
  "games": 48,
  "lineup": [
    "oracle-plus-v1",
    "inncenta-heuristic",
    "fixed-b",
    "fixed-c"
  ],
  "live": false,
  "oracle_config": {
    "auction": true,
    "c_puct": 1.5,
    "completing_trade": true,
    "deadline_s": null,
    "denial": false,
    "denial_weight": 1.0,
    "early_stop_min_sims": 16,
    "early_stop_visit_lead": null,
    "inncenta_trade": true,
    "leaf": "asu",
    "leaf_checkpoint": null,
    "margin_temperature": 2000.0,
    "max_depth": 64,
    "max_width": 16,
    "networth_mix": 0.0,
    "one_ply": true,
    "prior_peak": 0.55,
    "rollout_horizon": 30,
    "rollouts_per_leaf": 2,
    "simulations": 32,
    "solvency": false
  },
  "oracle_focus": {
    "games": 48,
    "wilson_95": [
      0.30701269040654244,
      0.5772498258017222
    ],
    "win_rate": 0.4375,
    "wins": 21
  },
  "oracle_vs_field": {
    "opponents": {
      "fixed-b": {
        "games": 48,
        "net_worth_margin": {
          "beats_asu_on_margin": true,
          "beats_other_on_margin": true,
          "mean": 14298.541666666666,
          "mean_minus_se": 10906.412982044087,
          "mean_plus_se": 17690.670351289245,
          "n": 48,
          "oracle_richer": 22,
          "oracle_richer_rate": 0.4583333333333333,
          "se": 3392.128684622579,
          "std": 23501.356910312363
        },
        "oracle_wilson_lower_beats": true,
        "rate_gap": 0.3333333333333333,
        "wilson_95": [
          0.045321719041813105,
          0.2216742169438633
        ],
        "win_rate": 0.10416666666666667,
        "wins": 5
      },
      "fixed-c": {
        "games": 48,
        "net_worth_margin": {
          "beats_asu_on_margin": true,
          "beats_other_on_margin": true,
          "mean": 15991.666666666666,
          "mean_minus_se": 12930.407845944419,
          "mean_plus_se": 19052.925487388915,
          "n": 48,
          "oracle_richer": 23,
          "oracle_richer_rate": 0.4791666666666667,
          "se": 3061.2588207222475,
          "std": 21209.02325043727
        },
        "oracle_wilson_lower_beats": true,
        "rate_gap": 0.3958333333333333,
        "wilson_95": [
          0.011501893489386586,
          0.13975655870455445
        ],
        "win_rate": 0.041666666666666664,
        "wins": 2
      },
      "inncenta-heuristic": {
        "games": 48,
        "net_worth_margin": {
          "beats_asu_on_margin": false,
          "beats_other_on_margin": false,
          "mean": -622.5833333333334,
          "mean_minus_se": -6231.650324577386,
          "mean_plus_se": 4986.48365791072,
          "n": 48,
          "oracle_richer": 23,
          "oracle_richer_rate": 0.4791666666666667,
          "se": 5609.066991244053,
          "std": 38860.75604756877
        },
        "oracle_wilson_lower_beats": false,
        "rate_gap": 0.020833333333333315,
        "wilson_95": [
          0.2884966777841157,
          0.5571866771602373
        ],
        "win_rate": 0.4166666666666667,
        "wins": 20
      }
    },
    "oracle_id": "oracle-plus-v1",
    "oracle_wilson_95": [
      0.30701269040654244,
      0.5772498258017222
    ],
    "oracle_win_rate": 0.4375
  },
  "ruleset": "ppo-plus-v2",
  "seed": 8200100,
  "timeouts": 0,
  "truncations": 0,
  "turn_deadline_s": null,
  "win_rates": {
    "fixed-b": {
      "games": 48,
      "wilson_95": [
        0.045321719041813105,
        0.2216742169438633
      ],
      "win_rate": 0.10416666666666667,
      "win_rate_percent": 10.416666666666668,
      "wins": 5
    },
    "fixed-c": {
      "games": 48,
      "wilson_95": [
        0.011501893489386586,
        0.13975655870455445
      ],
      "win_rate": 0.041666666666666664,
      "win_rate_percent": 4.166666666666666,
      "wins": 2
    },
    "inncenta-heuristic": {
      "games": 48,
      "wilson_95": [
        0.2884966777841157,
        0.5571866771602373
      ],
      "win_rate": 0.4166666666666667,
      "win_rate_percent": 41.66666666666667,
      "wins": 20
    },
    "oracle-plus-v1": {
      "games": 48,
      "wilson_95": [
        0.30701269040654244,
        0.5772498258017222
      ],
      "win_rate": 0.4375,
      "win_rate_percent": 43.75,
      "wins": 21
    }
  },
  "workers": 4
}

=== beat50_plus_auction_plain exit=0 ===
