
=== beat50_plus_asu_plain start 2026-08-13 13:49:23 ===
/Users/toprakgundogdu/DeepRL_Monopoly/.venv/bin/python -u -m oracle.eval_h2h --games 48 --seed 8100300 --workers 4 --deadline-s 0 --early-stop-lead 0 --game-timeout-s 0 --resume --pretty --lineup oracle-plus-v1,inncenta-heuristic,fixed-b,fixed-c --checkpoint-dir /Users/toprakgundogdu/DeepRL_Monopoly/artifacts_scratch/beat50_plus_asu_plain_ckpt --output /Users/toprakgundogdu/DeepRL_Monopoly/artifacts_scratch/beat50_plus_asu_plain.json --leaf asu --one-ply --no-denial --no-solvency --completing-trade
h2h progress 1/48
h2h progress 2/48
h2h progress 3/48
h2h progress 4/48
h2h progress 5/48
h2h progress 6/48
h2h progress 7/48
h2h progress 8/48
h2h progress 9/48
h2h progress 10/48
h2h progress 11/48
h2h progress 12/48
h2h progress 13/48
h2h progress 14/48
h2h progress 15/48
h2h progress 16/48
h2h progress 17/48
h2h progress 18/48
h2h progress 19/48
h2h progress 20/48
h2h progress 21/48
h2h progress 22/48
h2h progress 23/48
h2h progress 24/48
h2h progress 25/48
h2h progress 26/48
h2h progress 27/48
h2h progress 28/48
h2h progress 29/48
h2h progress 30/48
h2h progress 31/48
h2h progress 32/48
h2h progress 33/48
h2h progress 34/48
h2h progress 35/48
h2h progress 36/48
h2h progress 37/48
h2h progress 38/48
h2h progress 39/48
h2h progress 40/48
h2h progress 41/48
h2h progress 42/48
h2h progress 43/48
h2h progress 44/48
h2h progress 45/48
h2h progress 46/48
h2h progress 47/48
h2h progress 48/48

lineup=['oracle-plus-v1', 'inncenta-heuristic', 'fixed-b', 'fixed-c']
  fixed-b: WR=0.167 (8/48) Wilson [0.08695513576485567, 0.295778284012556]
  fixed-c: WR=0.104 (5/48) Wilson [0.045321719041813105, 0.2216742169438633]
  inncenta-heuristic: WR=0.417 (20/48) Wilson [0.2884966777841157, 0.5571866771602373]
  oracle-plus-v1: WR=0.312 (15/48) Wilson [0.19945683446587817, 0.4533307141589159]
oracle WR=0.312 Wilson [0.19945683446587817, 0.4533307141589159]
  vs fixed-b: WR=0.167 (8/48) gap=+0.146 margin=5087.0 ± SE 3086.2
  vs fixed-c: WR=0.104 (5/48) gap=+0.208 margin=7479.3 ± SE 2587.3
  vs inncenta-heuristic: WR=0.417 (20/48) gap=-0.104 margin=-6546.8 ± SE 4504.6
{
  "completed_games": 48,
  "disclaimer": "These are ppo-plus-v2 simulator results for ASU-inspired reconstructions; they do not reproduce or estimate either cited paper's reported win rates.",
  "frozen_spec_hash": "9ab1907e0de1af4b253ce36ffa107c4fdb5e2b913858ef87c362423e61a6fd74",
  "game_timeout_s": null,
  "games": 48,
  "lineup": [
    "oracle-plus-v1",
    "inncenta-heuristic",
    "fixed-b",
    "fixed-c"
  ],
  "live": false,
  "oracle_config": {
    "c_puct": 1.5,
    "completing_trade": true,
    "deadline_s": null,
    "denial": false,
    "denial_weight": 1.0,
    "early_stop_min_sims": 16,
    "early_stop_visit_lead": null,
    "leaf": "asu",
    "leaf_checkpoint": null,
    "margin_temperature": 2000.0,
    "max_depth": 64,
    "max_width": 16,
    "one_ply": true,
    "prior_peak": 0.55,
    "rollout_horizon": 30,
    "rollouts_per_leaf": 2,
    "simulations": 32,
    "solvency": false
  },
  "oracle_focus": {
    "games": 48,
    "wilson_95": [
      0.19945683446587817,
      0.4533307141589159
    ],
    "win_rate": 0.3125,
    "wins": 15
  },
  "oracle_vs_field": {
    "opponents": {
      "fixed-b": {
        "games": 48,
        "net_worth_margin": {
          "beats_asu_on_margin": true,
          "beats_other_on_margin": true,
          "mean": 5086.989583333333,
          "mean_minus_se": 2000.8227645222541,
          "mean_plus_se": 8173.156402144412,
          "n": 48,
          "oracle_richer": 19,
          "oracle_richer_rate": 0.3958333333333333,
          "se": 3086.166818811079,
          "std": 21381.590923256008
        },
        "oracle_wilson_lower_beats": true,
        "rate_gap": 0.14583333333333334,
        "wilson_95": [
          0.08695513576485567,
          0.295778284012556
        ],
        "win_rate": 0.16666666666666666,
        "wins": 8
      },
      "fixed-c": {
        "games": 48,
        "net_worth_margin": {
          "beats_asu_on_margin": true,
          "beats_other_on_margin": true,
          "mean": 7479.333333333333,
          "mean_minus_se": 4891.989712543476,
          "mean_plus_se": 10066.67695412319,
          "n": 48,
          "oracle_richer": 19,
          "oracle_richer_rate": 0.3958333333333333,
          "se": 2587.3436207898562,
          "std": 17925.642431389013
        },
        "oracle_wilson_lower_beats": true,
        "rate_gap": 0.20833333333333331,
        "wilson_95": [
          0.045321719041813105,
          0.2216742169438633
        ],
        "win_rate": 0.10416666666666667,
        "wins": 5
      },
      "inncenta-heuristic": {
        "games": 48,
        "net_worth_margin": {
          "beats_asu_on_margin": false,
          "beats_other_on_margin": false,
          "mean": -6546.802083333333,
          "mean_minus_se": -11051.378135744337,
          "mean_plus_se": -2042.2260309223302,
          "n": 48,
          "oracle_richer": 20,
          "oracle_richer_rate": 0.4166666666666667,
          "se": 4504.576052411003,
          "std": 31208.61835733561
        },
        "oracle_wilson_lower_beats": false,
        "rate_gap": -0.10416666666666669,
        "wilson_95": [
          0.2884966777841157,
          0.5571866771602373
        ],
        "win_rate": 0.4166666666666667,
        "wins": 20
      }
    },
    "oracle_id": "oracle-plus-v1",
    "oracle_wilson_95": [
      0.19945683446587817,
      0.4533307141589159
    ],
    "oracle_win_rate": 0.3125
  },
  "ruleset": "ppo-plus-v2",
  "seed": 8100300,
  "timeouts": 0,
  "truncations": 0,
  "turn_deadline_s": null,
  "win_rates": {
    "fixed-b": {
      "games": 48,
      "wilson_95": [
        0.08695513576485567,
        0.295778284012556
      ],
      "win_rate": 0.16666666666666666,
      "win_rate_percent": 16.666666666666664,
      "wins": 8
    },
    "fixed-c": {
      "games": 48,
      "wilson_95": [
        0.045321719041813105,
        0.2216742169438633
      ],
      "win_rate": 0.10416666666666667,
      "win_rate_percent": 10.416666666666668,
      "wins": 5
    },
    "inncenta-heuristic": {
      "games": 48,
      "wilson_95": [
        0.2884966777841157,
        0.5571866771602373
      ],
      "win_rate": 0.4166666666666667,
      "win_rate_percent": 41.66666666666667,
      "wins": 20
    },
    "oracle-plus-v1": {
      "games": 48,
      "wilson_95": [
        0.19945683446587817,
        0.4533307141589159
      ],
      "win_rate": 0.3125,
      "win_rate_percent": 31.25,
      "wins": 15
    }
  },
  "workers": 4
}

=== beat50_plus_asu_plain exit=0 ===
