
=== beat50_plus_auction_denial start 2026-08-13 14:16:26 ===
/Users/toprakgundogdu/DeepRL_Monopoly/.venv/bin/python -u -m oracle.eval_h2h --games 48 --seed 8200000 --workers 4 --deadline-s 0 --early-stop-lead 0 --game-timeout-s 0 --resume --pretty --lineup oracle-plus-v1,inncenta-heuristic,fixed-b,fixed-c --checkpoint-dir /Users/toprakgundogdu/DeepRL_Monopoly/artifacts_scratch/beat50_plus_auction_denial_ckpt --output /Users/toprakgundogdu/DeepRL_Monopoly/artifacts_scratch/beat50_plus_auction_denial.json --leaf asu --one-ply --denial --no-solvency --completing-trade --auction --inncenta-trade
h2h progress 1/48
h2h progress 2/48
h2h progress 3/48
h2h progress 4/48
h2h progress 5/48
h2h progress 6/48
h2h progress 7/48
h2h progress 8/48
h2h progress 9/48
h2h progress 10/48
h2h progress 11/48
h2h progress 12/48
h2h progress 13/48
h2h progress 14/48
h2h progress 15/48
h2h progress 16/48
h2h progress 17/48
h2h progress 18/48
h2h progress 19/48
h2h progress 20/48
h2h progress 21/48
h2h progress 22/48
h2h progress 23/48
h2h progress 24/48
h2h progress 25/48
h2h progress 26/48
h2h progress 27/48
h2h progress 28/48
h2h progress 29/48
h2h progress 30/48
h2h progress 31/48
h2h progress 32/48
h2h progress 33/48
h2h progress 34/48
h2h progress 35/48
h2h progress 36/48
h2h progress 37/48
h2h progress 38/48
h2h progress 39/48
h2h progress 40/48
h2h progress 41/48
h2h progress 42/48
h2h progress 43/48
h2h progress 44/48
h2h progress 45/48
h2h progress 46/48
h2h progress 47/48
h2h progress 48/48

lineup=['oracle-plus-v1', 'inncenta-heuristic', 'fixed-b', 'fixed-c']
  fixed-b: WR=0.083 (4/48) Wilson [0.032883756818091775, 0.1955330179036728]
  fixed-c: WR=0.104 (5/48) Wilson [0.045321719041813105, 0.2216742169438633]
  inncenta-heuristic: WR=0.375 (18/48) Wilson [0.25215266760868205, 0.5163723648078473]
  oracle-plus-v1: WR=0.438 (21/48) Wilson [0.30701269040654244, 0.5772498258017222]
oracle WR=0.438 Wilson [0.30701269040654244, 0.5772498258017222]
  vs fixed-b: WR=0.083 (4/48) gap=+0.354 margin=14595.5 ± SE 3711.8
  vs fixed-c: WR=0.104 (5/48) gap=+0.333 margin=14700.3 ± SE 3765.5
  vs inncenta-heuristic: WR=0.375 (18/48) gap=+0.062 margin=4274.9 ± SE 5234.6
{
  "completed_games": 48,
  "disclaimer": "These are ppo-plus-v2 simulator results for ASU-inspired reconstructions; they do not reproduce or estimate either cited paper's reported win rates.",
  "frozen_spec_hash": "9ab1907e0de1af4b253ce36ffa107c4fdb5e2b913858ef87c362423e61a6fd74",
  "game_timeout_s": null,
  "games": 48,
  "lineup": [
    "oracle-plus-v1",
    "inncenta-heuristic",
    "fixed-b",
    "fixed-c"
  ],
  "live": false,
  "oracle_config": {
    "auction": true,
    "c_puct": 1.5,
    "completing_trade": true,
    "deadline_s": null,
    "denial": true,
    "denial_weight": 1.0,
    "early_stop_min_sims": 16,
    "early_stop_visit_lead": null,
    "inncenta_trade": true,
    "leaf": "asu",
    "leaf_checkpoint": null,
    "margin_temperature": 2000.0,
    "max_depth": 64,
    "max_width": 16,
    "networth_mix": 0.0,
    "one_ply": true,
    "prior_peak": 0.55,
    "rollout_horizon": 30,
    "rollouts_per_leaf": 2,
    "simulations": 32,
    "solvency": false
  },
  "oracle_focus": {
    "games": 48,
    "wilson_95": [
      0.30701269040654244,
      0.5772498258017222
    ],
    "win_rate": 0.4375,
    "wins": 21
  },
  "oracle_vs_field": {
    "opponents": {
      "fixed-b": {
        "games": 48,
        "net_worth_margin": {
          "beats_asu_on_margin": true,
          "beats_other_on_margin": true,
          "mean": 14595.510416666666,
          "mean_minus_se": 10883.706060425726,
          "mean_plus_se": 18307.314772907608,
          "n": 48,
          "oracle_richer": 23,
          "oracle_richer_rate": 0.4791666666666667,
          "se": 3711.8043562409403,
          "std": 25716.134931059187
        },
        "oracle_wilson_lower_beats": true,
        "rate_gap": 0.3541666666666667,
        "wilson_95": [
          0.032883756818091775,
          0.1955330179036728
        ],
        "win_rate": 0.08333333333333333,
        "wins": 4
      },
      "fixed-c": {
        "games": 48,
        "net_worth_margin": {
          "beats_asu_on_margin": true,
          "beats_other_on_margin": true,
          "mean": 14700.260416666666,
          "mean_minus_se": 10934.777996762461,
          "mean_plus_se": 18465.74283657087,
          "n": 48,
          "oracle_richer": 24,
          "oracle_richer_rate": 0.5,
          "se": 3765.4824199042046,
          "std": 26088.02746512595
        },
        "oracle_wilson_lower_beats": true,
        "rate_gap": 0.3333333333333333,
        "wilson_95": [
          0.045321719041813105,
          0.2216742169438633
        ],
        "win_rate": 0.10416666666666667,
        "wins": 5
      },
      "inncenta-heuristic": {
        "games": 48,
        "net_worth_margin": {
          "beats_asu_on_margin": false,
          "beats_other_on_margin": false,
          "mean": 4274.854166666667,
          "mean_minus_se": -959.7722823050699,
          "mean_plus_se": 9509.480615638404,
          "n": 48,
          "oracle_richer": 24,
          "oracle_richer_rate": 0.5,
          "se": 5234.626448971737,
          "std": 36266.555873051606
        },
        "oracle_wilson_lower_beats": false,
        "rate_gap": 0.0625,
        "wilson_95": [
          0.25215266760868205,
          0.5163723648078473
        ],
        "win_rate": 0.375,
        "wins": 18
      }
    },
    "oracle_id": "oracle-plus-v1",
    "oracle_wilson_95": [
      0.30701269040654244,
      0.5772498258017222
    ],
    "oracle_win_rate": 0.4375
  },
  "ruleset": "ppo-plus-v2",
  "seed": 8200000,
  "timeouts": 0,
  "truncations": 0,
  "turn_deadline_s": null,
  "win_rates": {
    "fixed-b": {
      "games": 48,
      "wilson_95": [
        0.032883756818091775,
        0.1955330179036728
      ],
      "win_rate": 0.08333333333333333,
      "win_rate_percent": 8.333333333333332,
      "wins": 4
    },
    "fixed-c": {
      "games": 48,
      "wilson_95": [
        0.045321719041813105,
        0.2216742169438633
      ],
      "win_rate": 0.10416666666666667,
      "win_rate_percent": 10.416666666666668,
      "wins": 5
    },
    "inncenta-heuristic": {
      "games": 48,
      "wilson_95": [
        0.25215266760868205,
        0.5163723648078473
      ],
      "win_rate": 0.375,
      "win_rate_percent": 37.5,
      "wins": 18
    },
    "oracle-plus-v1": {
      "games": 48,
      "wilson_95": [
        0.30701269040654244,
        0.5772498258017222
      ],
      "win_rate": 0.4375,
      "win_rate_percent": 43.75,
      "wins": 21
    }
  },
  "workers": 4
}

=== beat50_plus_auction_denial exit=0 ===
