
=== beat50_plus_asu_denial_heavy start 2026-08-13 13:31:51 ===
/Users/toprakgundogdu/DeepRL_Monopoly/.venv/bin/python -u -m oracle.eval_h2h --games 48 --seed 8100100 --workers 4 --deadline-s 0 --early-stop-lead 0 --game-timeout-s 0 --resume --pretty --lineup oracle-plus-v1,inncenta-heuristic,fixed-b,fixed-c --checkpoint-dir /Users/toprakgundogdu/DeepRL_Monopoly/artifacts_scratch/beat50_plus_asu_denial_heavy_ckpt --output /Users/toprakgundogdu/DeepRL_Monopoly/artifacts_scratch/beat50_plus_asu_denial_heavy.json --leaf asu --one-ply --denial --denial-weight 2.0 --no-solvency --completing-trade
h2h progress 1/48
h2h progress 2/48
h2h progress 3/48
h2h progress 4/48
h2h progress 5/48
h2h progress 6/48
h2h progress 7/48
h2h progress 8/48
h2h progress 9/48
h2h progress 10/48
h2h progress 11/48
h2h progress 12/48
h2h progress 13/48
h2h progress 14/48
h2h progress 15/48
h2h progress 16/48
h2h progress 17/48
h2h progress 18/48
h2h progress 19/48
h2h progress 20/48
h2h progress 21/48
h2h progress 22/48
h2h progress 23/48
h2h progress 24/48
h2h progress 25/48
h2h progress 26/48
h2h progress 27/48
h2h progress 28/48
h2h progress 29/48
h2h progress 30/48
h2h progress 31/48
h2h progress 32/48
h2h progress 33/48
h2h progress 34/48
h2h progress 35/48
h2h progress 36/48
h2h progress 37/48
h2h progress 38/48
h2h progress 39/48
h2h progress 40/48
h2h progress 41/48
h2h progress 42/48
h2h progress 43/48
h2h progress 44/48
h2h progress 45/48
h2h progress 46/48
h2h progress 47/48
h2h progress 48/48

lineup=['oracle-plus-v1', 'inncenta-heuristic', 'fixed-b', 'fixed-c']
  fixed-b: WR=0.083 (4/48) Wilson [0.032883756818091775, 0.1955330179036728]
  fixed-c: WR=0.062 (3/48) Wilson [0.021483232908389285, 0.1683543805494635]
  inncenta-heuristic: WR=0.500 (24/48) Wilson [0.36389330502679385, 0.6361066949732062]
  oracle-plus-v1: WR=0.354 (17/48) Wilson [0.23433644125604858, 0.4956094298965691]
oracle WR=0.354 Wilson [0.23433644125604858, 0.4956094298965691]
  vs fixed-b: WR=0.083 (4/48) gap=+0.271 margin=8653.5 ± SE 3089.3
  vs fixed-c: WR=0.062 (3/48) gap=+0.292 margin=9373.9 ± SE 2770.4
  vs inncenta-heuristic: WR=0.500 (24/48) gap=-0.146 margin=-7785.2 ± SE 4882.8
{
  "completed_games": 48,
  "disclaimer": "These are ppo-plus-v2 simulator results for ASU-inspired reconstructions; they do not reproduce or estimate either cited paper's reported win rates.",
  "frozen_spec_hash": "9ab1907e0de1af4b253ce36ffa107c4fdb5e2b913858ef87c362423e61a6fd74",
  "game_timeout_s": null,
  "games": 48,
  "lineup": [
    "oracle-plus-v1",
    "inncenta-heuristic",
    "fixed-b",
    "fixed-c"
  ],
  "live": false,
  "oracle_config": {
    "c_puct": 1.5,
    "completing_trade": true,
    "deadline_s": null,
    "denial": true,
    "denial_weight": 2.0,
    "early_stop_min_sims": 16,
    "early_stop_visit_lead": null,
    "leaf": "asu",
    "leaf_checkpoint": null,
    "margin_temperature": 2000.0,
    "max_depth": 64,
    "max_width": 16,
    "one_ply": true,
    "prior_peak": 0.55,
    "rollout_horizon": 30,
    "rollouts_per_leaf": 2,
    "simulations": 32,
    "solvency": false
  },
  "oracle_focus": {
    "games": 48,
    "wilson_95": [
      0.23433644125604858,
      0.4956094298965691
    ],
    "win_rate": 0.3541666666666667,
    "wins": 17
  },
  "oracle_vs_field": {
    "opponents": {
      "fixed-b": {
        "games": 48,
        "net_worth_margin": {
          "beats_asu_on_margin": true,
          "beats_other_on_margin": true,
          "mean": 8653.541666666666,
          "mean_minus_se": 5564.213569249458,
          "mean_plus_se": 11742.869764083875,
          "n": 48,
          "oracle_richer": 20,
          "oracle_richer_rate": 0.4166666666666667,
          "se": 3089.328097417209,
          "std": 21403.492903906797
        },
        "oracle_wilson_lower_beats": true,
        "rate_gap": 0.27083333333333337,
        "wilson_95": [
          0.032883756818091775,
          0.1955330179036728
        ],
        "win_rate": 0.08333333333333333,
        "wins": 4
      },
      "fixed-c": {
        "games": 48,
        "net_worth_margin": {
          "beats_asu_on_margin": true,
          "beats_other_on_margin": true,
          "mean": 9373.90625,
          "mean_minus_se": 6603.46233919592,
          "mean_plus_se": 12144.350160804079,
          "n": 48,
          "oracle_richer": 22,
          "oracle_richer_rate": 0.4583333333333333,
          "se": 2770.4439108040797,
          "std": 19194.19845212994
        },
        "oracle_wilson_lower_beats": true,
        "rate_gap": 0.2916666666666667,
        "wilson_95": [
          0.021483232908389285,
          0.1683543805494635
        ],
        "win_rate": 0.0625,
        "wins": 3
      },
      "inncenta-heuristic": {
        "games": 48,
        "net_worth_margin": {
          "beats_asu_on_margin": false,
          "beats_other_on_margin": false,
          "mean": -7785.239583333333,
          "mean_minus_se": -12668.063969579624,
          "mean_plus_se": -2902.4151970870435,
          "n": 48,
          "oracle_richer": 18,
          "oracle_richer_rate": 0.375,
          "se": 4882.82438624629,
          "std": 33829.19968565957
        },
        "oracle_wilson_lower_beats": false,
        "rate_gap": -0.14583333333333331,
        "wilson_95": [
          0.36389330502679385,
          0.6361066949732062
        ],
        "win_rate": 0.5,
        "wins": 24
      }
    },
    "oracle_id": "oracle-plus-v1",
    "oracle_wilson_95": [
      0.23433644125604858,
      0.4956094298965691
    ],
    "oracle_win_rate": 0.3541666666666667
  },
  "ruleset": "ppo-plus-v2",
  "seed": 8100100,
  "timeouts": 0,
  "truncations": 0,
  "turn_deadline_s": null,
  "win_rates": {
    "fixed-b": {
      "games": 48,
      "wilson_95": [
        0.032883756818091775,
        0.1955330179036728
      ],
      "win_rate": 0.08333333333333333,
      "win_rate_percent": 8.333333333333332,
      "wins": 4
    },
    "fixed-c": {
      "games": 48,
      "wilson_95": [
        0.021483232908389285,
        0.1683543805494635
      ],
      "win_rate": 0.0625,
      "win_rate_percent": 6.25,
      "wins": 3
    },
    "inncenta-heuristic": {
      "games": 48,
      "wilson_95": [
        0.36389330502679385,
        0.6361066949732062
      ],
      "win_rate": 0.5,
      "win_rate_percent": 50.0,
      "wins": 24
    },
    "oracle-plus-v1": {
      "games": 48,
      "wilson_95": [
        0.23433644125604858,
        0.4956094298965691
      ],
      "win_rate": 0.3541666666666667,
      "win_rate_percent": 35.41666666666667,
      "wins": 17
    }
  },
  "workers": 4
}

=== beat50_plus_asu_denial_heavy exit=0 ===
