
=== h2h_0b_indep start 2026-08-13 12:41:37 pid=92352 ===
/Users/toprakgundogdu/DeepRL_Monopoly/.venv/bin/python -u -m oracle.eval_h2h --games 48 --seed 7001000 --workers 4 --game-timeout-s 0 --resume --pretty --lineup inncenta-heuristic,alinebidal-final,expo-heuristic-v1,slayer-v1 --checkpoint-dir /Users/toprakgundogdu/DeepRL_Monopoly/artifacts_scratch/h2h_0b_indep_ckpt --output /Users/toprakgundogdu/DeepRL_Monopoly/artifacts_scratch/h2h_0b_indep.json
h2h progress 1/48
h2h progress 2/48
h2h progress 3/48
h2h progress 4/48
h2h progress 5/48
h2h progress 6/48
h2h progress 7/48
h2h progress 8/48
h2h progress 9/48
h2h progress 10/48
h2h progress 11/48
h2h progress 12/48
h2h progress 13/48
h2h progress 14/48
h2h progress 15/48
h2h progress 16/48
h2h progress 17/48
h2h progress 18/48
h2h progress 19/48
h2h progress 20/48
h2h progress 21/48
h2h progress 22/48
h2h progress 23/48
h2h progress 24/48
h2h progress 25/48
h2h progress 26/48
h2h progress 27/48
h2h progress 28/48
h2h progress 29/48
h2h progress 30/48
h2h progress 31/48
h2h progress 32/48
h2h progress 33/48
h2h progress 34/48
h2h progress 35/48
h2h progress 36/48
h2h progress 37/48
h2h progress 38/48
h2h progress 39/48
h2h progress 40/48
h2h progress 41/48
h2h progress 42/48
h2h progress 43/48
h2h progress 44/48
h2h progress 45/48
h2h progress 46/48
h2h progress 47/48
h2h progress 48/48

lineup=['inncenta-heuristic', 'alinebidal-final', 'expo-heuristic-v1', 'slayer-v1']
  alinebidal-final: WR=0.354 (17/48) Wilson [0.23433644125604858, 0.4956094298965691]
  expo-heuristic-v1: WR=0.125 (6/48) Wilson [0.058570514385719794, 0.24700458286386834]
  inncenta-heuristic: WR=0.229 (11/48) Wilson [0.13307826266911232, 0.3653926409000346]
  slayer-v1: WR=0.292 (14/48) Wilson [0.18241578926516536, 0.431792598095717]
{
  "completed_games": 48,
  "disclaimer": "These are ppo-plus-v2 simulator results for ASU-inspired reconstructions; they do not reproduce or estimate either cited paper's reported win rates.",
  "frozen_spec_hash": "9ab1907e0de1af4b253ce36ffa107c4fdb5e2b913858ef87c362423e61a6fd74",
  "game_timeout_s": null,
  "games": 48,
  "lineup": [
    "inncenta-heuristic",
    "alinebidal-final",
    "expo-heuristic-v1",
    "slayer-v1"
  ],
  "live": false,
  "oracle_config": {
    "c_puct": 1.5,
    "deadline_s": 5.0,
    "early_stop_min_sims": 16,
    "early_stop_visit_lead": 8,
    "leaf": "rollout",
    "leaf_checkpoint": null,
    "margin_temperature": 2000.0,
    "max_depth": 64,
    "max_width": 16,
    "prior_peak": 0.55,
    "rollout_horizon": 30,
    "rollouts_per_leaf": 2,
    "simulations": 32
  },
  "oracle_focus": {
    "games": null,
    "wilson_95": null,
    "win_rate": null,
    "wins": null
  },
  "ruleset": "ppo-plus-v2",
  "seed": 7001000,
  "timeouts": 0,
  "truncations": 0,
  "turn_deadline_s": null,
  "win_rates": {
    "alinebidal-final": {
      "games": 48,
      "wilson_95": [
        0.23433644125604858,
        0.4956094298965691
      ],
      "win_rate": 0.3541666666666667,
      "win_rate_percent": 35.41666666666667,
      "wins": 17
    },
    "expo-heuristic-v1": {
      "games": 48,
      "wilson_95": [
        0.058570514385719794,
        0.24700458286386834
      ],
      "win_rate": 0.125,
      "win_rate_percent": 12.5,
      "wins": 6
    },
    "inncenta-heuristic": {
      "games": 48,
      "wilson_95": [
        0.13307826266911232,
        0.3653926409000346
      ],
      "win_rate": 0.22916666666666666,
      "win_rate_percent": 22.916666666666664,
      "wins": 11
    },
    "slayer-v1": {
      "games": 48,
      "wilson_95": [
        0.18241578926516536,
        0.431792598095717
      ],
      "win_rate": 0.2916666666666667,
      "win_rate_percent": 29.166666666666668,
      "wins": 14
    }
  },
  "workers": 4
}

=== h2h_0b_indep exit=0 ===
