hybrid_clone vs fixed-a/b/c | games=8 sims=32 workers=8 ckpt=monopoly_bench/runs/oracle_hybrid_bc_new25k/snapshots/hybrid_clone_0000.pt
h2h progress 1/8 game=5 winner=2 clone_seat=1 completed=True crashes=0
h2h progress 2/8 game=7 winner=3 clone_seat=3 completed=True crashes=0
h2h progress 3/8 game=4 winner=2 clone_seat=0 completed=True crashes=0
h2h progress 4/8 game=3 winner=1 clone_seat=3 completed=True crashes=0
h2h progress 5/8 game=0 winner=0 clone_seat=0 completed=True crashes=0
h2h progress 6/8 game=6 winner=2 clone_seat=2 completed=True crashes=0
h2h progress 7/8 game=2 winner=1 clone_seat=2 completed=True crashes=0
h2h progress 8/8 game=1 winner=2 clone_seat=1 completed=True crashes=0
{
  "checkpoint": "monopoly_bench/runs/oracle_hybrid_bc_new25k/snapshots/hybrid_clone_0000.pt",
  "clone_wins": 3,
  "games": 8,
  "lineup": [
    "hybrid_clone",
    "fixed-a",
    "fixed-b",
    "fixed-c"
  ],
  "per_game": [
    {
      "clone_seat": 0,
      "completed": true,
      "crashes": 0,
      "decisions": 1888,
      "error": null,
      "game_id": 0,
      "illegal_actions": 0,
      "seed": 5300000,
      "winner": 0
    },
    {
      "clone_seat": 1,
      "completed": true,
      "crashes": 0,
      "decisions": 5247,
      "error": null,
      "game_id": 1,
      "illegal_actions": 0,
      "seed": 5300001,
      "winner": 2
    },
    {
      "clone_seat": 2,
      "completed": true,
      "crashes": 0,
      "decisions": 3592,
      "error": null,
      "game_id": 2,
      "illegal_actions": 0,
      "seed": 5300002,
      "winner": 1
    },
    {
      "clone_seat": 3,
      "completed": true,
      "crashes": 0,
      "decisions": 2053,
      "error": null,
      "game_id": 3,
      "illegal_actions": 0,
      "seed": 5300003,
      "winner": 1
    },
    {
      "clone_seat": 0,
      "completed": true,
      "crashes": 0,
      "decisions": 2268,
      "error": null,
      "game_id": 4,
      "illegal_actions": 0,
      "seed": 5300004,
      "winner": 2
    },
    {
      "clone_seat": 1,
      "completed": true,
      "crashes": 0,
      "decisions": 3156,
      "error": null,
      "game_id": 5,
      "illegal_actions": 0,
      "seed": 5300005,
      "winner": 2
    },
    {
      "clone_seat": 2,
      "completed": true,
      "crashes": 0,
      "decisions": 2394,
      "error": null,
      "game_id": 6,
      "illegal_actions": 0,
      "seed": 5300006,
      "winner": 2
    },
    {
      "clone_seat": 3,
      "completed": true,
      "crashes": 0,
      "decisions": 1210,
      "error": null,
      "game_id": 7,
      "illegal_actions": 0,
      "seed": 5300007,
      "winner": 3
    }
  ],
  "seed": 5300000,
  "sims": 32,
  "summary": {
    "completed": 8,
    "crashes": 0,
    "fallbacks": 0,
    "games": 8,
    "illegal_actions": 0,
    "latency_p95_s": 0.48284688320127284,
    "losses": 5,
    "wilson_lower": 0.13684428582359737,
    "win_rate": 0.375,
    "wins": 3
  },
  "wall_seconds": 214.08052829199005,
  "workers": 8
}
clone WR=0.375 (3/8) wilson_lo=0.137 wall=214.1s -> artifacts_scratch/hybrid_clone_new25k_vs_fixed_8_sims32.json
