hybrid_clone vs asu | games=8 sims=32 workers=8 ckpt=monopoly_bench/runs/oracle_hybrid_bc_new25k/snapshots/hybrid_clone_0000.pt
h2h progress 1/8 game=2 winner=2 clone_seat=2 completed=True crashes=0
h2h progress 2/8 game=7 winner=0 clone_seat=3 completed=True crashes=0
h2h progress 3/8 game=1 winner=2 clone_seat=1 completed=True crashes=0
h2h progress 4/8 game=0 winner=3 clone_seat=0 completed=True crashes=0
h2h progress 5/8 game=5 winner=2 clone_seat=1 completed=True crashes=0
h2h progress 6/8 game=4 winner=1 clone_seat=0 completed=True crashes=0
h2h progress 7/8 game=6 winner=2 clone_seat=2 completed=True crashes=0
h2h progress 8/8 game=3 winner=1 clone_seat=3 completed=True crashes=0
{
  "checkpoint": "monopoly_bench/runs/oracle_hybrid_bc_new25k/snapshots/hybrid_clone_0000.pt",
  "clone_wins": 2,
  "games": 8,
  "lineup": [
    "hybrid_clone",
    "asu-value-v1",
    "asu-value-v1",
    "asu-value-v1"
  ],
  "per_game": [
    {
      "clone_seat": 0,
      "completed": true,
      "crashes": 0,
      "decisions": 1092,
      "error": null,
      "game_id": 0,
      "illegal_actions": 0,
      "seed": 5300000,
      "winner": 3
    },
    {
      "clone_seat": 1,
      "completed": true,
      "crashes": 0,
      "decisions": 1404,
      "error": null,
      "game_id": 1,
      "illegal_actions": 0,
      "seed": 5300001,
      "winner": 2
    },
    {
      "clone_seat": 2,
      "completed": true,
      "crashes": 0,
      "decisions": 1036,
      "error": null,
      "game_id": 2,
      "illegal_actions": 0,
      "seed": 5300002,
      "winner": 2
    },
    {
      "clone_seat": 3,
      "completed": true,
      "crashes": 0,
      "decisions": 1341,
      "error": null,
      "game_id": 3,
      "illegal_actions": 0,
      "seed": 5300003,
      "winner": 1
    },
    {
      "clone_seat": 0,
      "completed": true,
      "crashes": 0,
      "decisions": 1103,
      "error": null,
      "game_id": 4,
      "illegal_actions": 0,
      "seed": 5300004,
      "winner": 1
    },
    {
      "clone_seat": 1,
      "completed": true,
      "crashes": 0,
      "decisions": 1031,
      "error": null,
      "game_id": 5,
      "illegal_actions": 0,
      "seed": 5300005,
      "winner": 2
    },
    {
      "clone_seat": 2,
      "completed": true,
      "crashes": 0,
      "decisions": 1631,
      "error": null,
      "game_id": 6,
      "illegal_actions": 0,
      "seed": 5300006,
      "winner": 2
    },
    {
      "clone_seat": 3,
      "completed": true,
      "crashes": 0,
      "decisions": 937,
      "error": null,
      "game_id": 7,
      "illegal_actions": 0,
      "seed": 5300007,
      "winner": 0
    }
  ],
  "seed": 5300000,
  "sims": 32,
  "summary": {
    "completed": 8,
    "crashes": 0,
    "fallbacks": 0,
    "games": 8,
    "illegal_actions": 0,
    "latency_p95_s": 0.3892707419960061,
    "losses": 6,
    "wilson_lower": 0.07147921275210901,
    "win_rate": 0.25,
    "wins": 2
  },
  "wall_seconds": 335.6619318750163,
  "workers": 8
}
clone WR=0.250 (2/8) wilson_lo=0.071 wall=335.7s -> artifacts_scratch/hybrid_clone_new25k_vs_asu_8_sims32.json
