h2h progress 1/20
h2h progress 2/20
h2h progress 3/20
h2h progress 4/20
h2h progress 5/20
h2h progress 6/20
h2h progress 7/20
h2h progress 8/20
h2h progress 9/20
h2h progress 10/20
h2h progress 11/20
h2h progress 12/20
h2h progress 13/20
h2h progress 14/20
h2h progress 15/20
h2h progress 16/20
h2h progress 17/20
h2h progress 18/20
h2h progress 19/20
h2h progress 20/20
{
  "disclaimer": "These are ppo-plus-v2 simulator results for ASU-inspired reconstructions; they do not reproduce or estimate either cited paper's reported win rates.",
  "frozen_spec_hash": "9ab1907e0de1af4b253ce36ffa107c4fdb5e2b913858ef87c362423e61a6fd74",
  "games": 20,
  "lineup": [
    "oracle-rollout-v1",
    "asu-value-v1",
    "fixed-a",
    "fixed-b"
  ],
  "oracle_config": {
    "c_puct": 1.5,
    "margin_temperature": 2000.0,
    "max_depth": 64,
    "max_width": 16,
    "prior_peak": 0.55,
    "rollout_horizon": 16,
    "rollouts_per_leaf": 1,
    "simulations": 32
  },
  "oracle_vs_asu": {
    "asu_wilson_95": [
      0.18119182410108206,
      0.5671457233147638
    ],
    "asu_win_rate": 0.35,
    "beats_asu": false,
    "beats_asu_on_margin": false,
    "net_worth_margin": {
      "beats_asu_on_margin": false,
      "mean": -1323.15,
      "mean_minus_se": -8739.346610877048,
      "mean_plus_se": 6093.046610877047,
      "n": 20,
      "oracle_richer": 10,
      "oracle_richer_rate": 0.5,
      "se": 7416.1966108770475,
      "std": 33166.23951284927
    },
    "oracle_wilson_95": [
      0.21880653237281705,
      0.6134184992377469
    ],
    "oracle_wilson_lower": 0.21880653237281705,
    "oracle_win_rate": 0.4,
    "rate_gap": 0.050000000000000044
  },
  "ruleset": "ppo-plus-v2",
  "seed": 0,
  "truncations": 0,
  "win_rates": {
    "asu-value-v1": {
      "games": 20,
      "wilson_95": [
        0.18119182410108206,
        0.5671457233147638
      ],
      "win_rate": 0.35,
      "win_rate_percent": 35.0,
      "wins": 7
    },
    "fixed-a": {
      "games": 20,
      "wilson_95": [
        0.0,
        0.16112515805281938
      ],
      "win_rate": 0.0,
      "win_rate_percent": 0.0,
      "wins": 0
    },
    "fixed-b": {
      "games": 20,
      "wilson_95": [
        0.11186170140766569,
        0.468700877618744
      ],
      "win_rate": 0.25,
      "win_rate_percent": 25.0,
      "wins": 5
    },
    "oracle-rollout-v1": {
      "games": 20,
      "wilson_95": [
        0.21880653237281705,
        0.6134184992377469
      ],
      "win_rate": 0.4,
      "win_rate_percent": 40.0,
      "wins": 8
    }
  },
  "workers": 8
}

oracle 0.400 (Wilson [0.219, 0.613]) vs ASU 0.350 | beats_asu=False
net_worth_margin oracle-ASU: mean=-1323.2 ± SE 7416.2 richer=10/20 | beats_asu_on_margin=False
