h2h progress 1/24
h2h progress 2/24
h2h progress 3/24
h2h progress 4/24
h2h progress 5/24
h2h progress 6/24
h2h progress 7/24
h2h progress 8/24
h2h progress 9/24
h2h progress 10/24
h2h progress 11/24
h2h progress 12/24
h2h progress 13/24
h2h progress 14/24
h2h progress 15/24
h2h progress 16/24
h2h progress 17/24
h2h progress 18/24
h2h progress 19/24
h2h progress 20/24
h2h progress 21/24
h2h progress 22/24
h2h progress 23/24
h2h progress 24/24

lineup=['oracle-plus-v1', 'slayer-v1', 'underdog-v1', 'inncenta-heuristic']
  inncenta-heuristic: WR=0.292 (7/24) Wilson [0.14914648196960875, 0.49167693664496637]
  oracle-plus-v1: WR=0.125 (3/24) Wilson [0.04344334080123444, 0.31003881270500067]
  slayer-v1: WR=0.375 (9/24) Wilson [0.21159367559548778, 0.5729003755732572]
  underdog-v1: WR=0.208 (5/24) Wilson [0.09244825352851857, 0.40470453253188665]
oracle WR=0.125 Wilson [0.04344334080123444, 0.31003881270500067]
  vs inncenta-heuristic: WR=0.292 (7/24) gap=-0.167 margin=-6917.4 ± SE 4764.9
  vs slayer-v1: WR=0.375 (9/24) gap=-0.250 margin=-10187.9 ± SE 5143.1
  vs underdog-v1: WR=0.208 (5/24) gap=-0.083 margin=-1375.7 ± SE 3661.4
{"completed_games": 24, "disclaimer": "These are ppo-plus-v2 simulator results for ASU-inspired reconstructions; they do not reproduce or estimate either cited paper's reported win rates.", "frozen_spec_hash": "9ab1907e0de1af4b253ce36ffa107c4fdb5e2b913858ef87c362423e61a6fd74", "game_timeout_s": null, "games": 24, "lineup": ["oracle-plus-v1", "slayer-v1", "underdog-v1", "inncenta-heuristic"], "live": false, "oracle_config": {"auction": null, "auction_kind": "inncenta", "build_first": null, "c_puct": 1.5, "cash_gate": null, "completing_trade": null, "deadline_s": 5.0, "denial": null, "denial_weight": 1.0, "early_stop_min_sims": 16, "early_stop_visit_lead": 8, "family_body": "one_ply", "inncenta_trade": null, "leaf": "rollout", "leaf_checkpoint": null, "lethal_jail": null, "margin_temperature": 2000.0, "max_depth": 64, "max_width": 16, "networth_mix": 0.0, "one_ply": null, "one_ply_trades": null, "phase_switch": null, "prior_peak": 0.55, "race_buy": null, "rollout_horizon": 30, "rollouts_per_leaf": 2, "simulations": 32, "solvency": null}, "oracle_focus": {"games": 24, "wilson_95": [0.04344334080123444, 0.31003881270500067], "win_rate": 0.125, "wins": 3}, "oracle_vs_field": {"opponents": {"inncenta-heuristic": {"games": 24, "net_worth_margin": {"beats_asu_on_margin": false, "beats_other_on_margin": false, "mean": -6917.375, "mean_minus_se": -11682.299383044525, "mean_plus_se": -2152.450616955475, "n": 24, "oracle_richer": 3, "oracle_richer_rate": 0.125, "se": 4764.924383044525, "std": 23343.266802810052}, "oracle_wilson_lower_beats": false, "rate_gap": -0.16666666666666669, "wilson_95": [0.14914648196960875, 0.49167693664496637], "win_rate": 0.2916666666666667, "wins": 7}, "slayer-v1": {"games": 24, "net_worth_margin": {"beats_asu_on_margin": false, "beats_other_on_margin": false, "mean": -10187.875, "mean_minus_se": -15330.99520007666, "mean_plus_se": -5044.754799923338, "n": 24, "oracle_richer": 3, "oracle_richer_rate": 0.125, "se": 5143.120200076662, "std": 25196.040351977495}, "oracle_wilson_lower_beats": false, "rate_gap": -0.25, "wilson_95": [0.21159367559548778, 0.5729003755732572], "win_rate": 0.375, "wins": 9}, "underdog-v1": {"games": 24, "net_worth_margin": {"beats_asu_on_margin": false, "beats_other_on_margin": false, "mean": -1375.6666666666667, "mean_minus_se": -5037.058873204587, "mean_plus_se": 2285.725539871253, "n": 24, "oracle_richer": 3, "oracle_richer_rate": 0.125, "se": 3661.39220653792, "std": 17937.085308441805}, "oracle_wilson_lower_beats": false, "rate_gap": -0.08333333333333334, "wilson_95": [0.09244825352851857, 0.40470453253188665], "win_rate": 0.20833333333333334, "wins": 5}}, "oracle_id": "oracle-plus-v1", "oracle_wilson_95": [0.04344334080123444, 0.31003881270500067], "oracle_win_rate": 0.125}, "ruleset": "ppo-plus-v2", "seed": 9710000, "timeouts": 0, "truncations": 0, "turn_deadline_s": null, "win_rates": {"inncenta-heuristic": {"games": 24, "wilson_95": [0.14914648196960875, 0.49167693664496637], "win_rate": 0.2916666666666667, "win_rate_percent": 29.166666666666668, "wins": 7}, "oracle-plus-v1": {"games": 24, "wilson_95": [0.04344334080123444, 0.31003881270500067], "win_rate": 0.125, "win_rate_percent": 12.5, "wins": 3}, "slayer-v1": {"games": 24, "wilson_95": [0.21159367559548778, 0.5729003755732572], "win_rate": 0.375, "win_rate_percent": 37.5, "wins": 9}, "underdog-v1": {"games": 24, "wilson_95": [0.09244825352851857, 0.40470453253188665], "win_rate": 0.20833333333333334, "win_rate_percent": 20.833333333333336, "wins": 5}}, "workers": 6}
