/Users/toprakgundogdu/DeepRL_Monopoly/.venv/bin/python -u -m oracle.eval_h2h --games 48 --seed 9400000 --workers 6 --deadline-s 0 --early-stop-lead 0 --game-timeout-s 0 --resume --pretty --lineup oracle-plus-v1,alinebidal-final,slayer-v1,inncenta-heuristic --leaf asu --no-one-ply --denial --completing-trade --auction --inncenta-trade --checkpoint-dir /Users/toprakgundogdu/DeepRL_Monopoly/artifacts_scratch/plus_gate_0b_ckpt --output /Users/toprakgundogdu/DeepRL_Monopoly/artifacts_scratch/plus_gate_0b.json
h2h progress 1/48
h2h progress 2/48
h2h progress 3/48
h2h progress 4/48
h2h progress 5/48
h2h progress 6/48
h2h progress 7/48
h2h progress 8/48
h2h progress 9/48
h2h progress 10/48
h2h progress 11/48
h2h progress 12/48
h2h progress 13/48
h2h progress 14/48
h2h progress 15/48
h2h progress 16/48
h2h progress 17/48
h2h progress 18/48
h2h progress 19/48
h2h progress 20/48
h2h progress 21/48
h2h progress 22/48
h2h progress 23/48
h2h progress 24/48
h2h progress 25/48
h2h progress 26/48
h2h progress 27/48
h2h progress 28/48
h2h progress 29/48
h2h progress 30/48
h2h progress 31/48
h2h progress 32/48
h2h progress 33/48
h2h progress 34/48
h2h progress 35/48
h2h progress 36/48
h2h progress 37/48
h2h progress 38/48
h2h progress 39/48
h2h progress 40/48
h2h progress 41/48
h2h progress 42/48
h2h progress 43/48
h2h progress 44/48
h2h progress 45/48
h2h progress 46/48
h2h progress 47/48
h2h progress 48/48

lineup=['oracle-plus-v1', 'alinebidal-final', 'slayer-v1', 'inncenta-heuristic']
  alinebidal-final: WR=0.229 (11/48) Wilson [0.13307826266911232, 0.3653926409000346]
  inncenta-heuristic: WR=0.229 (11/48) Wilson [0.13307826266911232, 0.3653926409000346]
  oracle-plus-v1: WR=0.208 (10/48) Wilson [0.11730272957905595, 0.34258901272617925]
  slayer-v1: WR=0.333 (16/48) Wilson [0.21676780694818568, 0.4745989029405201]
oracle WR=0.208 Wilson [0.11730272957905595, 0.34258901272617925]
  vs alinebidal-final: WR=0.229 (11/48) gap=-0.021 margin=-3931.8 ± SE 3275.4
  vs inncenta-heuristic: WR=0.229 (11/48) gap=-0.021 margin=-1187.1 ± SE 2715.8
  vs slayer-v1: WR=0.333 (16/48) gap=-0.125 margin=-7037.5 ± SE 3522.4
{
  "completed_games": 48,
  "disclaimer": "These are ppo-plus-v2 simulator results for ASU-inspired reconstructions; they do not reproduce or estimate either cited paper's reported win rates.",
  "frozen_spec_hash": "9ab1907e0de1af4b253ce36ffa107c4fdb5e2b913858ef87c362423e61a6fd74",
  "game_timeout_s": null,
  "games": 48,
  "lineup": [
    "oracle-plus-v1",
    "alinebidal-final",
    "slayer-v1",
    "inncenta-heuristic"
  ],
  "live": false,
  "oracle_config": {
    "auction": true,
    "auction_kind": "inncenta",
    "build_first": null,
    "c_puct": 1.5,
    "cash_gate": null,
    "completing_trade": true,
    "deadline_s": null,
    "denial": true,
    "denial_weight": 1.0,
    "early_stop_min_sims": 16,
    "early_stop_visit_lead": null,
    "family_body": "one_ply",
    "inncenta_trade": true,
    "leaf": "asu",
    "leaf_checkpoint": null,
    "lethal_jail": null,
    "margin_temperature": 2000.0,
    "max_depth": 64,
    "max_width": 16,
    "networth_mix": 0.0,
    "one_ply": false,
    "one_ply_trades": null,
    "phase_switch": null,
    "prior_peak": 0.55,
    "race_buy": null,
    "rollout_horizon": 30,
    "rollouts_per_leaf": 2,
    "simulations": 32,
    "solvency": null
  },
  "oracle_focus": {
    "games": 48,
    "wilson_95": [
      0.11730272957905595,
      0.34258901272617925
    ],
    "win_rate": 0.20833333333333334,
    "wins": 10
  },
  "oracle_vs_field": {
    "opponents": {
      "alinebidal-final": {
        "games": 48,
        "net_worth_margin": {
          "beats_asu_on_margin": false,
          "beats_other_on_margin": false,
          "mean": -3931.8229166666665,
          "mean_minus_se": -7207.196885708461,
          "mean_plus_se": -656.4489476248723,
          "n": 48,
          "oracle_richer": 17,
          "oracle_richer_rate": 0.3541666666666667,
          "se": 3275.373969041794,
          "std": 22692.45651267567
        },
        "oracle_wilson_lower_beats": false,
        "rate_gap": -0.020833333333333315,
        "wilson_95": [
          0.13307826266911232,
          0.3653926409000346
        ],
        "win_rate": 0.22916666666666666,
        "wins": 11
      },
      "inncenta-heuristic": {
        "games": 48,
        "net_worth_margin": {
          "beats_asu_on_margin": false,
          "beats_other_on_margin": false,
          "mean": -1187.0729166666667,
          "mean_minus_se": -3902.8480135759028,
          "mean_plus_se": 1528.7021802425695,
          "n": 48,
          "oracle_richer": 11,
          "oracle_richer_rate": 0.22916666666666666,
          "se": 2715.7750969092363,
          "std": 18815.441799108354
        },
        "oracle_wilson_lower_beats": false,
        "rate_gap": -0.020833333333333315,
        "wilson_95": [
          0.13307826266911232,
          0.3653926409000346
        ],
        "win_rate": 0.22916666666666666,
        "wins": 11
      },
      "slayer-v1": {
        "games": 48,
        "net_worth_margin": {
          "beats_asu_on_margin": false,
          "beats_other_on_margin": false,
          "mean": -7037.46875,
          "mean_minus_se": -10559.843875524359,
          "mean_plus_se": -3515.093624475642,
          "n": 48,
          "oracle_richer": 15,
          "oracle_richer_rate": 0.3125,
          "se": 3522.375125524358,
          "std": 24403.730722899956
        },
        "oracle_wilson_lower_beats": false,
        "rate_gap": -0.12499999999999997,
        "wilson_95": [
          0.21676780694818568,
          0.4745989029405201
        ],
        "win_rate": 0.3333333333333333,
        "wins": 16
      }
    },
    "oracle_id": "oracle-plus-v1",
    "oracle_wilson_95": [
      0.11730272957905595,
      0.34258901272617925
    ],
    "oracle_win_rate": 0.20833333333333334
  },
  "ruleset": "ppo-plus-v2",
  "seed": 9400000,
  "timeouts": 0,
  "truncations": 0,
  "turn_deadline_s": null,
  "win_rates": {
    "alinebidal-final": {
      "games": 48,
      "wilson_95": [
        0.13307826266911232,
        0.3653926409000346
      ],
      "win_rate": 0.22916666666666666,
      "win_rate_percent": 22.916666666666664,
      "wins": 11
    },
    "inncenta-heuristic": {
      "games": 48,
      "wilson_95": [
        0.13307826266911232,
        0.3653926409000346
      ],
      "win_rate": 0.22916666666666666,
      "win_rate_percent": 22.916666666666664,
      "wins": 11
    },
    "oracle-plus-v1": {
      "games": 48,
      "wilson_95": [
        0.11730272957905595,
        0.34258901272617925
      ],
      "win_rate": 0.20833333333333334,
      "win_rate_percent": 20.833333333333336,
      "wins": 10
    },
    "slayer-v1": {
      "games": 48,
      "wilson_95": [
        0.21676780694818568,
        0.4745989029405201
      ],
      "win_rate": 0.3333333333333333,
      "win_rate_percent": 33.33333333333333,
      "wins": 16
    }
  },
  "workers": 6
}
plus gate ours=0.208 (10/48) pass30=False
