nohup: ignoring input
=== H2H 100 ===
h2h progress 1/100
h2h progress 2/100
h2h progress 3/100
h2h progress 4/100
h2h progress 5/100
h2h progress 6/100
h2h progress 7/100
h2h progress 8/100
h2h progress 9/100
h2h progress 10/100
h2h progress 11/100
h2h progress 12/100
h2h progress 13/100
h2h progress 14/100
h2h progress 15/100
h2h progress 16/100
h2h progress 17/100
h2h progress 18/100
h2h progress 19/100
h2h progress 20/100
h2h progress 21/100
h2h progress 22/100
h2h progress 23/100
h2h progress 24/100
h2h progress 25/100
h2h progress 26/100
h2h progress 27/100
h2h progress 28/100
h2h progress 29/100
h2h progress 30/100
h2h progress 31/100
h2h progress 32/100
h2h progress 33/100
h2h progress 34/100
h2h progress 35/100
h2h progress 36/100
h2h progress 37/100
h2h progress 38/100
h2h progress 39/100
h2h progress 40/100
h2h progress 41/100
h2h progress 42/100
h2h progress 43/100
h2h progress 44/100
h2h progress 45/100
h2h progress 46/100
h2h progress 47/100
h2h progress 48/100
h2h progress 49/100
h2h progress 50/100
h2h progress 51/100
h2h progress 52/100
h2h progress 53/100
h2h progress 54/100
h2h progress 55/100
h2h progress 56/100
h2h progress 57/100
h2h progress 58/100
h2h progress 59/100
h2h progress 60/100
h2h progress 61/100
h2h progress 62/100
h2h progress 63/100
h2h progress 64/100
h2h progress 65/100
h2h progress 66/100
h2h progress 67/100
h2h progress 68/100
h2h progress 69/100
h2h progress 70/100
h2h progress 71/100
h2h progress 72/100
h2h progress 73/100
h2h progress 74/100
h2h progress 75/100
h2h progress 76/100
h2h progress 77/100
h2h progress 78/100
h2h progress 79/100
h2h progress 80/100
h2h progress 81/100
h2h progress 82/100
h2h progress 83/100
h2h progress 84/100
h2h progress 85/100
h2h progress 86/100
h2h progress 87/100
h2h progress 88/100
h2h progress 89/100
h2h progress 90/100
h2h progress 91/100
h2h progress 92/100
h2h progress 93/100
h2h progress 94/100
h2h progress 95/100
h2h progress 96/100
h2h progress 97/100
h2h progress 98/100
h2h progress 99/100
h2h progress 100/100

lineup=['oracle-plus-v1', 'underdog-v1', 'slayer-v1', 'alinebidal-final']
  alinebidal-final: WR=0.230 (23/100) Wilson [0.15843265880303448, 0.3215438302287378]
  oracle-plus-v1: WR=0.240 (24/100) Wilson [0.16691325556948772, 0.33232336349814473]
  slayer-v1: WR=0.340 (34/100) Wilson [0.25461520797348164, 0.43722271145275377]
  underdog-v1: WR=0.190 (19/100) Wilson [0.12514751509768735, 0.27778845379064376]
oracle WR=0.240 Wilson [0.16691325556948772, 0.33232336349814473]
  vs alinebidal-final: WR=0.230 (23/100) gap=+0.010 margin=273.1 ± SE 2308.9
  vs slayer-v1: WR=0.340 (34/100) gap=-0.100 margin=-4296.1 ± SE 2619.8
  vs underdog-v1: WR=0.190 (19/100) gap=+0.050 margin=473.0 ± SE 2291.4
{"completed_games": 100, "disclaimer": "These are ppo-plus-v2 simulator results for ASU-inspired reconstructions; they do not reproduce or estimate either cited paper's reported win rates.", "frozen_spec_hash": "9ab1907e0de1af4b253ce36ffa107c4fdb5e2b913858ef87c362423e61a6fd74", "game_timeout_s": null, "games": 100, "lineup": ["oracle-plus-v1", "underdog-v1", "slayer-v1", "alinebidal-final"], "live": false, "oracle_config": {"auction": null, "auction_kind": "inncenta", "build_first": null, "c_puct": 1.5, "cash_gate": null, "completing_trade": null, "deadline_s": 5.0, "denial": null, "denial_weight": 1.0, "early_stop_min_sims": 16, "early_stop_visit_lead": 8, "family_body": "one_ply", "inncenta_trade": null, "leaf": "rollout", "leaf_checkpoint": null, "lethal_jail": null, "margin_temperature": 2000.0, "max_depth": 64, "max_width": 16, "networth_mix": 0.0, "one_ply": null, "one_ply_trades": null, "phase_switch": null, "prior_peak": 0.55, "race_buy": null, "rollout_horizon": 30, "rollouts_per_leaf": 2, "simulations": 32, "solvency": null}, "oracle_focus": {"games": 100, "wilson_95": [0.16691325556948772, 0.33232336349814473], "win_rate": 0.24, "wins": 24}, "oracle_vs_field": {"opponents": {"alinebidal-final": {"games": 100, "net_worth_margin": {"beats_asu_on_margin": false, "beats_other_on_margin": false, "mean": 273.07, "mean_minus_se": -2035.862355674765, "mean_plus_se": 2582.002355674765, "n": 100, "oracle_richer": 30, "oracle_richer_rate": 0.3, "se": 2308.932355674765, "std": 23089.323556747648}, "oracle_wilson_lower_beats": false, "rate_gap": 0.009999999999999981, "wilson_95": [0.15843265880303448, 0.3215438302287378], "win_rate": 0.23, "wins": 23}, "slayer-v1": {"games": 100, "net_worth_margin": {"beats_asu_on_margin": false, "beats_other_on_margin": false, "mean": -4296.125, "mean_minus_se": -6915.945852985202, "mean_plus_se": -1676.3041470147978, "n": 100, "oracle_richer": 32, "oracle_richer_rate": 0.32, "se": 2619.8208529852022, "std": 26198.20852985202}, "oracle_wilson_lower_beats": false, "rate_gap": -0.10000000000000003, "wilson_95": [0.25461520797348164, 0.43722271145275377], "win_rate": 0.34, "wins": 34}, "underdog-v1": {"games": 100, "net_worth_margin": {"beats_asu_on_margin": false, "beats_other_on_margin": false, "mean": 473.02, "mean_minus_se": -1818.4155354178652, "mean_plus_se": 2764.455535417865, "n": 100, "oracle_richer": 38, "oracle_richer_rate": 0.38, "se": 2291.435535417865, "std": 22914.35535417865}, "oracle_wilson_lower_beats": false, "rate_gap": 0.04999999999999999, "wilson_95": [0.12514751509768735, 0.27778845379064376], "win_rate": 0.19, "wins": 19}}, "oracle_id": "oracle-plus-v1", "oracle_wilson_95": [0.16691325556948772, 0.33232336349814473], "oracle_win_rate": 0.24}, "ruleset": "ppo-plus-v2", "seed": 9840000, "timeouts": 0, "truncations": 0, "turn_deadline_s": null, "win_rates": {"alinebidal-final": {"games": 100, "wilson_95": [0.15843265880303448, 0.3215438302287378], "win_rate": 0.23, "win_rate_percent": 23.0, "wins": 23}, "oracle-plus-v1": {"games": 100, "wilson_95": [0.16691325556948772, 0.33232336349814473], "win_rate": 0.24, "win_rate_percent": 24.0, "wins": 24}, "slayer-v1": {"games": 100, "wilson_95": [0.25461520797348164, 0.43722271145275377], "win_rate": 0.34, "win_rate_percent": 34.0, "wins": 34}, "underdog-v1": {"games": 100, "wilson_95": [0.12514751509768735, 0.27778845379064376], "win_rate": 0.19, "win_rate_percent": 19.0, "wins": 19}}, "workers": 8}
=== PROBE strong-only ===
probe start fields=3 games=90 workers=8
probe 1/90 sui#1 W first=oracle-plus-v1/green rounds=51
probe 2/90 sui#3 W first=oracle-plus-v1/pink rounds=59
probe 3/90 sui#4 L first=slayer-v1/darkblue rounds=49
probe 4/90 sui#2 L first=underdog-v1/darkblue rounds=70
probe 5/90 sui#11 L first=slayer-v1/pink rounds=43
probe 6/90 sui#9 L first=underdog-v1/yellow rounds=30
probe 7/90 sui#10 W first=oracle-plus-v1/lightblue rounds=39
probe 8/90 sui#12 W first=oracle-plus-v1/pink rounds=52
probe 9/90 sui#13 W first=oracle-plus-v1/red rounds=53
probe 10/90 sui#5 L first=oracle-plus-v1/brown rounds=69
probe 11/90 sui#0 L first=underdog-v1/brown rounds=69
probe 12/90 sui#14 L first=inncenta-heuristic/lightblue rounds=52
probe 13/90 sui#16 L first=-/- rounds=200
probe 14/90 sui#8 L first=underdog-v1/brown rounds=200
probe 15/90 sui#18 W first=oracle-plus-v1/lightblue rounds=50
probe 16/90 sui#21 L first=slayer-v1/orange rounds=21
probe 17/90 sui#15 L first=slayer-v1/lightblue rounds=86
probe 18/90 sui#19 L first=oracle-plus-v1/darkblue rounds=64
probe 19/90 sui#24 W first=oracle-plus-v1/orange rounds=30
probe 20/90 sui#6 L first=underdog-v1/brown rounds=200
probe 21/90 sui#7 L first=-/- rounds=200
probe 22/90 sui#23 W first=oracle-plus-v1/red rounds=59
probe 23/90 sui#28 W first=oracle-plus-v1/darkblue rounds=36
probe 24/90 sui#27 L first=slayer-v1/orange rounds=34
probe 25/90 sui#20 L first=inncenta-heuristic/lightblue rounds=35
probe 26/90 sua#1 L first=slayer-v1/orange rounds=34
probe 27/90 sui#26 L first=slayer-v1/pink rounds=45
probe 28/90 sua#3 L first=underdog-v1/orange rounds=38
probe 29/90 sui#29 W first=oracle-plus-v1/red rounds=39
probe 30/90 sua#6 W first=underdog-v1/red rounds=35
probe 31/90 sua#0 L first=-/- rounds=200
probe 32/90 sui#22 L first=inncenta-heuristic/darkblue rounds=39
probe 33/90 sua#2 L first=-/- rounds=200
probe 34/90 sua#5 L first=alinebidal-final/brown rounds=200
probe 35/90 sua#10 W first=alinebidal-final/orange rounds=66
probe 36/90 sua#4 L first=-/- rounds=200
probe 37/90 sua#12 L first=underdog-v1/darkblue rounds=40
probe 38/90 sua#14 L first=slayer-v1/red rounds=39
probe 39/90 sua#7 L first=-/- rounds=200
probe 40/90 sua#13 L first=oracle-plus-v1/red rounds=54
probe 41/90 sua#15 L first=alinebidal-final/lightblue rounds=40
probe 42/90 sua#17 L first=underdog-v1/darkblue rounds=21
probe 43/90 sua#16 L first=underdog-v1/green rounds=75
probe 44/90 sua#18 L first=alinebidal-final/brown rounds=175
probe 45/90 sua#9 W first=-/- rounds=200
probe 46/90 sua#8 L first=-/- rounds=200
probe 47/90 sua#11 L first=-/- rounds=200
probe 48/90 sua#21 W first=underdog-v1/brown rounds=105
probe 49/90 sua#24 L first=underdog-v1/lightblue rounds=45
probe 50/90 sua#25 L first=underdog-v1/lightblue rounds=75
probe 51/90 sua#23 L first=alinebidal-final/brown rounds=81
probe 52/90 sua#19 W first=-/- rounds=200
probe 53/90 sui#25 L first=inncenta-heuristic/brown rounds=78
probe 54/90 sua#22 L first=-/- rounds=200
probe 55/90 sua#20 W first=-/- rounds=200
probe 56/90 sua#29 L first=slayer-v1/darkblue rounds=77
probe 57/90 sia#0 W first=oracle-plus-v1/orange rounds=31
probe 58/90 sua#26 W first=-/- rounds=200
probe 59/90 sua#27 W first=-/- rounds=200
probe 60/90 sua#28 L first=slayer-v1/brown rounds=200
probe 61/90 sia#2 L first=slayer-v1/yellow rounds=52
probe 62/90 sia#3 L first=alinebidal-final/brown rounds=61
probe 63/90 sia#1 L first=slayer-v1/lightblue rounds=60
probe 64/90 sia#9 L first=alinebidal-final/green rounds=46
probe 65/90 sia#8 L first=slayer-v1/darkblue rounds=75
probe 66/90 sia#11 L first=alinebidal-final/pink rounds=133
probe 67/90 sia#4 L first=slayer-v1/yellow rounds=102
probe 68/90 sia#13 L first=slayer-v1/darkblue rounds=32
probe 69/90 sia#14 W first=oracle-plus-v1/orange rounds=25
probe 70/90 sia#12 L first=inncenta-heuristic/brown rounds=56
probe 71/90 sia#17 L first=slayer-v1/orange rounds=45
probe 72/90 sui#17 L first=-/- rounds=200
probe 73/90 sia#18 L first=slayer-v1/orange rounds=45
probe 74/90 sia#5 L first=-/- rounds=200
probe 75/90 sia#19 L first=alinebidal-final/yellow rounds=52
probe 76/90 sia#20 L first=slayer-v1/red rounds=52
probe 77/90 sia#21 W first=oracle-plus-v1/pink rounds=43
probe 78/90 sia#15 W first=oracle-plus-v1/brown rounds=200
probe 79/90 sia#10 L first=-/- rounds=200
probe 80/90 sia#24 L first=alinebidal-final/yellow rounds=38
probe 81/90 sia#6 L first=inncenta-heuristic/brown rounds=200
probe 82/90 sia#7 W first=-/- rounds=200
probe 83/90 sia#23 L first=alinebidal-final/lightblue rounds=138
probe 84/90 sia#22 L first=inncenta-heuristic/yellow rounds=61
probe 85/90 sia#27 L first=inncenta-heuristic/brown rounds=51
probe 86/90 sia#28 L first=alinebidal-final/pink rounds=55
probe 87/90 sia#25 L first=slayer-v1/brown rounds=74
probe 88/90 sia#29 W first=oracle-plus-v1/orange rounds=142
probe 89/90 sia#16 L first=-/- rounds=200
probe 90/90 sia#26 L first=-/- rounds=200
FIRST-MONOPOLY PROBE

== sia  n=30  our WR  20.0% (6/30)  bust  63.3% (19/30)
  LOSS n=24  first-set-us   0.0% (0/24)  first-3h-us   0.0% (0/24)  no-set  16.7% (4/24)
    first-set owner: slayer-v1=9, alinebidal-final=7, inncenta-heuristic=4
    their first-set colour: yellow=5, brown=5, lightblue=2, darkblue=2, pink=2, orange=2
    our pieces of that colour: 0 deeds=20
  WIN n=6  first-set-us  83.3% (5/6)  first-3h-us  83.3% (5/6)  no-set  16.7% (1/6)
    first-set owner: oracle-plus-v1=5

== sua  n=30  our WR  26.7% (8/30)  bust  43.3% (13/30)
  LOSS n=22  first-set-us   4.5% (1/22)  first-3h-us   4.5% (1/22)  no-set  31.8% (7/22)
    first-set owner: underdog-v1=6, slayer-v1=4, alinebidal-final=4, oracle-plus-v1=1
    their first-set colour: brown=4, darkblue=3, lightblue=3, orange=2, red=1, green=1
    our pieces of that colour: 0 deeds=14
  WIN n=8  first-set-us   0.0% (0/8)  first-3h-us  12.5% (1/8)  no-set  62.5% (5/8)
    first-set owner: underdog-v1=2, alinebidal-final=1
    their first-set colour: red=1, orange=1, brown=1
    our pieces of that colour: 0 deeds=3

== sui  n=30  our WR  33.3% (10/30)  bust  50.0% (15/30)
  LOSS n=20  first-set-us  10.0% (2/20)  first-3h-us  15.0% (3/20)  no-set  15.0% (3/20)
    first-set owner: slayer-v1=6, underdog-v1=5, inncenta-heuristic=4, oracle-plus-v1=2
    their first-set colour: brown=4, darkblue=3, lightblue=3, pink=2, orange=2, yellow=1
    our pieces of that colour: 0 deeds=15
  WIN n=10  first-set-us 100.0% (10/10)  first-3h-us  90.0% (9/10)  no-set   0.0% (0/10)
    first-set owner: oracle-plus-v1=10

== SHARED (all losses with a first set)
  they completed first:  94.2% (49/52)
  we completed first and still lost:   5.8% (3/52)
  they hit 3-houses first (on a loss):  92.3% (48/52)
  colour they completed: brown=13, lightblue=8, darkblue=8, yellow=6, orange=6, pink=4, green=2, red=2
  our pieces of their set: 0 deeds=49
  never contested (0 deeds): 100.0% (49/49)  in the colour and lost the race:   0.0% (0/49)

wrote /content/probe/games.jsonl /content/probe/report.txt
=== DONE ===
